<html>
<body>
<pre>
<h1>µVision Build Log</h1>
<h2>Tool Versions:</h2>
IDE-Version: µVision V5.36.0.0
Copyright (C) 2021 ARM Ltd and ARM Germany GmbH. All rights reserved.
License Information: Antonis Favvas, Aristotle Univerisy of Thessaloniki, LIC=----
 
Tool Versions:
Toolchain:       MDK-Lite  Version: 5.36.0.0
Toolchain Path:  C:\Keil_v5\ARM\ARMCC\Bin
C Compiler:      Armcc.exe V5.06 update 7 (build 960)
Assembler:       Armasm.exe V5.06 update 7 (build 960)
Linker/Locator:  ArmLink.exe V5.06 update 7 (build 960)
Library Manager: ArmAr.exe V5.06 update 7 (build 960)
Hex Converter:   FromElf.exe V5.06 update 7 (build 960)
CPU DLL:         SARMCM3.DLL V5.36.0.0
Dialog DLL:      DCM.DLL V1.17.3.0
Target DLL:      STLink\ST-LINKIII-KEIL_SWO.dll V3.0.9.0
Dialog DLL:      TCM.DLL V1.53.0.0
 
<h2>Project:</h2>
C:\Users\tonis\Desktop\Lab-3-Project\Lab-3-Assignment.uvprojx
Project File Date:  08/27/2025

<h2>Output:</h2>
*** Using Compiler 'V5.06 update 7 (build 960)', folder: 'C:\Keil_v5\ARM\ARMCC\Bin'
Rebuild target 'Target 1'
compiling queue.c...
compiling leds.c...
compiling gpio.c...
compiling i2c.c...
compiling main.c...
main.c(143): warning:  #940-D: missing return statement at end of non-void function "Read_data" 
  }
main.c: 1 warning, 0 errors
compiling comparator.c...
.\Drivers\adc.h(10): warning:  #47-D: incompatible redefinition of macro "ADC1_BASE"  (declared at line 678 of "C:\Users\tonis\AppData\Local\Arm\Packs\Keil\STM32F4xx_DFP\2.16.0\Drivers\CMSIS\Device\ST\STM32F4xx\Include\stm32f401xe.h")
  #define ADC1_BASE             (APB2PERIPH_BASE + 0x2000)
.\Drivers\adc.h(23): warning:  #47-D: incompatible redefinition of macro "GPIOA_BASE"  (declared at line 692 of "C:\Users\tonis\AppData\Local\Arm\Packs\Keil\STM32F4xx_DFP\2.16.0\Drivers\CMSIS\Device\ST\STM32F4xx\Include\stm32f401xe.h")
  #define GPIOA_BASE            (AHB1PERIPH_BASE + 0x0000)
Drivers\comparator.c: 2 warnings, 0 errors
compiling stm32f4xx_adc.c...
compiling adc.c...
.\Drivers\adc.h(10): warning:  #47-D: incompatible redefinition of macro "ADC1_BASE"  (declared at line 678 of "C:\Users\tonis\AppData\Local\Arm\Packs\Keil\STM32F4xx_DFP\2.16.0\Drivers\CMSIS\Device\ST\STM32F4xx\Include\stm32f401xe.h")
  #define ADC1_BASE             (APB2PERIPH_BASE + 0x2000)
.\Drivers\adc.h(23): warning:  #47-D: incompatible redefinition of macro "GPIOA_BASE"  (declared at line 692 of "C:\Users\tonis\AppData\Local\Arm\Packs\Keil\STM32F4xx_DFP\2.16.0\Drivers\CMSIS\Device\ST\STM32F4xx\Include\stm32f401xe.h")
  #define GPIOA_BASE            (AHB1PERIPH_BASE + 0x0000)
Drivers\adc.c: 2 warnings, 0 errors
assembling startup_stm32f401xe.s...
compiling system_stm32f4xx.c...
compiling stm32f4xx_gpio.c...
compiling timer.c...
compiling stm32f4xx_usart.c...
compiling uart.c...
compiling stm32f4xx_i2c.c...
compiling stm32f4xx_rcc.c...
linking...
Program Size: Code=10264 RO-data=688 RW-data=96 ZI-data=1760  
".\Objects\Lab-3-Assignment.axf" - 0 Error(s), 5 Warning(s).

<h2>Software Packages used:</h2>

Package Vendor: ARM
                http://www.keil.com/pack/ARM.CMSIS.5.8.0.pack
                ARM.CMSIS.5.8.0
                CMSIS (Common Microcontroller Software Interface Standard)
   * Component: CORE Version: 5.5.0

Package Vendor: Keil
                http://www.keil.com/pack/Keil.STM32F4xx_DFP.2.16.0.pack
                Keil.STM32F4xx_DFP.2.16.0
                STMicroelectronics STM32F4 Series Device Support, Drivers and Examples
   * Component: Startup Version: 2.6.3

<h2>Collection of Component include folders:</h2>
  .\RTE\_Target_1
  C:\Users\tonis\AppData\Local\Arm\Packs\ARM\CMSIS\5.8.0\CMSIS\Core\Include
  C:\Users\tonis\AppData\Local\Arm\Packs\Keil\STM32F4xx_DFP\2.16.0\Drivers\CMSIS\Device\ST\STM32F4xx\Include

<h2>Collection of Component Files used:</h2>

   * Component: ARM::CMSIS:CORE:5.5.0

   * Component: Keil::Device:Startup:2.6.3
      Source file:   Drivers\CMSIS\Device\ST\STM32F4xx\Source\Templates\arm\startup_stm32f401xe.s
      Source file:   MDK\Device\Source\ARM\STM32F401xx_OPT.s
      Source file:   MDK\Device\Source\ARM\STM32F4xx_OTP.s
      Include file:  Drivers\CMSIS\Device\ST\STM32F4xx\Include\stm32f4xx.h
      Source file:   Drivers\CMSIS\Device\ST\STM32F4xx\Source\Templates\system_stm32f4xx.c
Build Time Elapsed:  00:00:02
</pre>
</body>
</html>
