Component: ARM Compiler 6.16 Tool: armlink [5dfeaa00]

==============================================================================

Section Cross References

    queue.o(.text.queue_init) refers to h1_alloc.o(.text) for malloc
    queue.o(.ARM.exidx.text.queue_init) refers to queue.o(.text.queue_init) for [Anonymous Symbol]
    queue.o(.text.queue_enqueue) refers to queue.o(.text.queue_is_full) for queue_is_full
    queue.o(.ARM.exidx.text.queue_enqueue) refers to queue.o(.text.queue_enqueue) for [Anonymous Symbol]
    queue.o(.ARM.exidx.text.queue_is_full) refers to queue.o(.text.queue_is_full) for [Anonymous Symbol]
    queue.o(.text.queue_dequeue) refers to queue.o(.text.queue_is_empty) for queue_is_empty
    queue.o(.ARM.exidx.text.queue_dequeue) refers to queue.o(.text.queue_dequeue) for [Anonymous Symbol]
    queue.o(.ARM.exidx.text.queue_is_empty) refers to queue.o(.text.queue_is_empty) for [Anonymous Symbol]
    main.o(.text) refers (Special) to _printf_c.o(.ARM.Collect$$_printf_percent$$00000013) for _printf_c
    main.o(.text) refers (Special) to _printf_d.o(.ARM.Collect$$_printf_percent$$00000009) for _printf_d
    main.o(.text) refers (Special) to _printf_dec.o(.text) for _printf_int_dec
    main.o(.text) refers (Special) to _printf_percent.o(.ARM.Collect$$_printf_percent$$00000000) for _printf_percent
    main.o(.text) refers (Special) to _printf_s.o(.ARM.Collect$$_printf_percent$$00000014) for _printf_s
    main.o(.text) refers (Special) to _printf_str.o(.text) for _printf_str
    main.o(.text) refers (Special) to _scanf_str.o(.text) for _scanf_string
    main.o(.text.uart_rx_isr) refers (Special) to _printf_c.o(.ARM.Collect$$_printf_percent$$00000013) for _printf_c
    main.o(.text.uart_rx_isr) refers (Special) to _printf_d.o(.ARM.Collect$$_printf_percent$$00000009) for _printf_d
    main.o(.text.uart_rx_isr) refers (Special) to _printf_dec.o(.text) for _printf_int_dec
    main.o(.text.uart_rx_isr) refers (Special) to _printf_percent.o(.ARM.Collect$$_printf_percent$$00000000) for _printf_percent
    main.o(.text.uart_rx_isr) refers (Special) to _printf_s.o(.ARM.Collect$$_printf_percent$$00000014) for _printf_s
    main.o(.text.uart_rx_isr) refers (Special) to _printf_str.o(.text) for _printf_str
    main.o(.text.uart_rx_isr) refers (Special) to _scanf_str.o(.text) for _scanf_string
    main.o(.text.uart_rx_isr) refers to main.o(.bss.rx_queue) for rx_queue
    main.o(.text.uart_rx_isr) refers to queue.o(.text.queue_enqueue) for queue_enqueue
    main.o(.ARM.exidx.text.uart_rx_isr) refers (Special) to _printf_c.o(.ARM.Collect$$_printf_percent$$00000013) for _printf_c
    main.o(.ARM.exidx.text.uart_rx_isr) refers (Special) to _printf_d.o(.ARM.Collect$$_printf_percent$$00000009) for _printf_d
    main.o(.ARM.exidx.text.uart_rx_isr) refers (Special) to _printf_dec.o(.text) for _printf_int_dec
    main.o(.ARM.exidx.text.uart_rx_isr) refers (Special) to _printf_percent.o(.ARM.Collect$$_printf_percent$$00000000) for _printf_percent
    main.o(.ARM.exidx.text.uart_rx_isr) refers (Special) to _printf_s.o(.ARM.Collect$$_printf_percent$$00000014) for _printf_s
    main.o(.ARM.exidx.text.uart_rx_isr) refers (Special) to _printf_str.o(.text) for _printf_str
    main.o(.ARM.exidx.text.uart_rx_isr) refers (Special) to _scanf_str.o(.text) for _scanf_string
    main.o(.ARM.exidx.text.uart_rx_isr) refers to main.o(.text.uart_rx_isr) for [Anonymous Symbol]
    main.o(.text.button_press_isr) refers (Special) to _printf_c.o(.ARM.Collect$$_printf_percent$$00000013) for _printf_c
    main.o(.text.button_press_isr) refers (Special) to _printf_d.o(.ARM.Collect$$_printf_percent$$00000009) for _printf_d
    main.o(.text.button_press_isr) refers (Special) to _printf_dec.o(.text) for _printf_int_dec
    main.o(.text.button_press_isr) refers (Special) to _printf_percent.o(.ARM.Collect$$_printf_percent$$00000000) for _printf_percent
    main.o(.text.button_press_isr) refers (Special) to _printf_s.o(.ARM.Collect$$_printf_percent$$00000014) for _printf_s
    main.o(.text.button_press_isr) refers (Special) to _printf_str.o(.text) for _printf_str
    main.o(.text.button_press_isr) refers (Special) to _scanf_str.o(.text) for _scanf_string
    main.o(.text.button_press_isr) refers to main.o(.bss.count) for count
    main.o(.text.button_press_isr) refers to main.o(.bss.b) for b
    main.o(.text.button_press_isr) refers to main.o(.rodata.str1.1) for .L.str
    main.o(.text.button_press_isr) refers to leds.o(.text.leds_set) for leds_set
    main.o(.text.button_press_isr) refers to uart.o(.text.uart_print) for uart_print
    main.o(.ARM.exidx.text.button_press_isr) refers (Special) to _printf_c.o(.ARM.Collect$$_printf_percent$$00000013) for _printf_c
    main.o(.ARM.exidx.text.button_press_isr) refers (Special) to _printf_d.o(.ARM.Collect$$_printf_percent$$00000009) for _printf_d
[...]
    Removing stm32f4xx_usart.o(.text.USART_SetGuardTime), (16 bytes).
    Removing stm32f4xx_usart.o(.ARM.exidx.text.USART_SetGuardTime), (8 bytes).
    Removing stm32f4xx_usart.o(.text.USART_SmartCardCmd), (22 bytes).
    Removing stm32f4xx_usart.o(.ARM.exidx.text.USART_SmartCardCmd), (8 bytes).
    Removing stm32f4xx_usart.o(.text.USART_SmartCardNACKCmd), (22 bytes).
    Removing stm32f4xx_usart.o(.ARM.exidx.text.USART_SmartCardNACKCmd), (8 bytes).
    Removing stm32f4xx_usart.o(.text.USART_IrDAConfig), (18 bytes).
    Removing stm32f4xx_usart.o(.ARM.exidx.text.USART_IrDAConfig), (8 bytes).
    Removing stm32f4xx_usart.o(.text.USART_IrDACmd), (22 bytes).
    Removing stm32f4xx_usart.o(.ARM.exidx.text.USART_IrDACmd), (8 bytes).
    Removing stm32f4xx_usart.o(.text.USART_DMACmd), (24 bytes).
    Removing stm32f4xx_usart.o(.ARM.exidx.text.USART_DMACmd), (8 bytes).
    Removing stm32f4xx_usart.o(.text.USART_ITConfig), (46 bytes).
    Removing stm32f4xx_usart.o(.ARM.exidx.text.USART_ITConfig), (8 bytes).
    Removing stm32f4xx_usart.o(.ARM.exidx.text.USART_GetFlagStatus), (8 bytes).
    Removing stm32f4xx_usart.o(.text.USART_ClearFlag), (10 bytes).
    Removing stm32f4xx_usart.o(.ARM.exidx.text.USART_ClearFlag), (8 bytes).
    Removing stm32f4xx_usart.o(.text.USART_GetITStatus), (48 bytes).
    Removing stm32f4xx_usart.o(.ARM.exidx.text.USART_GetITStatus), (8 bytes).
    Removing stm32f4xx_usart.o(.text.USART_ClearITPendingBit), (16 bytes).
    Removing stm32f4xx_usart.o(.ARM.exidx.text.USART_ClearITPendingBit), (8 bytes).
    Removing timer.o(.text), (0 bytes).
    Removing timer.o(.text.timer_init), (64 bytes).
    Removing timer.o(.ARM.exidx.text.timer_init), (8 bytes).
    Removing timer.o(.text.SysTick_Config), (38 bytes).
    Removing timer.o(.ARM.exidx.text.SysTick_Config), (8 bytes).
    Removing timer.o(.text.__NVIC_SetPriority), (14 bytes).
    Removing timer.o(.ARM.exidx.text.__NVIC_SetPriority), (8 bytes).
    Removing timer.o(.text.NVIC_EncodePriority), (4 bytes).
    Removing timer.o(.ARM.exidx.text.NVIC_EncodePriority), (8 bytes).
    Removing timer.o(.text.__NVIC_GetPriorityGrouping), (16 bytes).
    Removing timer.o(.ARM.exidx.text.__NVIC_GetPriorityGrouping), (8 bytes).
    Removing timer.o(.text.timer_enable), (14 bytes).
    Removing timer.o(.ARM.exidx.text.timer_enable), (8 bytes).
    Removing timer.o(.text.timer_disable), (18 bytes).
    Removing timer.o(.ARM.exidx.text.timer_disable), (8 bytes).
    Removing timer.o(.text.timer_set_callback), (12 bytes).
    Removing timer.o(.ARM.exidx.text.timer_set_callback), (8 bytes).
    Removing timer.o(.ARM.exidx.text.SysTick_Handler), (8 bytes).
    Removing timer.o(.bss.timer_period), (4 bytes).
    Removing uart.o(.text), (0 bytes).
    Removing uart.o(.ARM.exidx.text.uart_init), (8 bytes).
    Removing uart.o(.ARM.exidx.text.uart_enable), (8 bytes).
    Removing uart.o(.ARM.exidx.text.uart_print), (8 bytes).
    Removing uart.o(.ARM.exidx.text.uart_tx), (8 bytes).
    Removing uart.o(.ARM.exidx.text.uart_set_rx_callback), (8 bytes).
    Removing uart.o(.ARM.exidx.text.__NVIC_SetPriority), (8 bytes).
    Removing uart.o(.ARM.exidx.text.__NVIC_ClearPendingIRQ), (8 bytes).
    Removing uart.o(.ARM.exidx.text.__NVIC_EnableIRQ), (8 bytes).
    Removing uart.o(.ARM.exidx.text.uart_rx), (8 bytes).
    Removing uart.o(.ARM.exidx.text.USART2_IRQHandler), (8 bytes).
    Removing retarget_io.o(.text), (0 bytes).
    Removing retarget_io.o(.text.ITM_SendChar), (46 bytes).
    Removing retarget_io.o(.ARM.exidx.text.ITM_SendChar), (8 bytes).
    Removing retarget_io.o(.text.ITM_ReceiveChar), (32 bytes).
    Removing retarget_io.o(.ARM.exidx.text.ITM_ReceiveChar), (8 bytes).
    Removing retarget_io.o(.text._sys_open), (100 bytes).
    Removing retarget_io.o(.ARM.exidx.text._sys_open), (8 bytes).
    Removing retarget_io.o(.text._sys_close), (18 bytes).
    Removing retarget_io.o(.ARM.exidx.text._sys_close), (8 bytes).
    Removing retarget_io.o(.text._sys_write), (46 bytes).
    Removing retarget_io.o(.ARM.exidx.text._sys_write), (8 bytes).
    Removing retarget_io.o(.text.stdout_putchar), (8 bytes).
    Removing retarget_io.o(.ARM.exidx.text.stdout_putchar), (8 bytes).
    Removing retarget_io.o(.text._sys_read), (20 bytes).
    Removing retarget_io.o(.ARM.exidx.text._sys_read), (8 bytes).
    Removing retarget_io.o(.text._sys_istty), (16 bytes).
    Removing retarget_io.o(.ARM.exidx.text._sys_istty), (8 bytes).
    Removing retarget_io.o(.text._sys_seek), (6 bytes).
    Removing retarget_io.o(.ARM.exidx.text._sys_seek), (8 bytes).
    Removing retarget_io.o(.text._sys_flen), (4 bytes).
    Removing retarget_io.o(.ARM.exidx.text._sys_flen), (8 bytes).
    Removing retarget_io.o(.data.ITM_RxBuffer), (4 bytes).
    Removing retarget_io.o(.rodata.__stdin_name), (7 bytes).
    Removing retarget_io.o(.rodata.__stdout_name), (8 bytes).
    Removing retarget_io.o(.rodata.__stderr_name), (8 bytes).
    Removing system_stm32f4xx.o(.text), (0 bytes).
    Removing system_stm32f4xx.o(.ARM.exidx.text.SystemInit), (8 bytes).
    Removing system_stm32f4xx.o(.text.SystemCoreClockUpdate), (126 bytes).
    Removing system_stm32f4xx.o(.ARM.exidx.text.SystemCoreClockUpdate), (8 bytes).
    Removing system_stm32f4xx.o(.data.SystemCoreClock), (4 bytes).
    Removing system_stm32f4xx.o(.rodata.AHBPrescTable), (16 bytes).
    Removing system_stm32f4xx.o(.rodata.APBPrescTable), (8 bytes).

478 unused section(s) (total 9102 bytes) removed from the image.

==============================================================================

Image Symbol Table

    Local Symbols

    Symbol Name                              Value     Ov Type        Size  Object(Section)

    ../clib/angel/boardlib.s                 0x00000000   Number         0  boardinit1.o ABSOLUTE
    ../clib/angel/boardlib.s                 0x00000000   Number         0  boardinit2.o ABSOLUTE
    ../clib/angel/boardlib.s                 0x00000000   Number         0  boardinit3.o ABSOLUTE
    ../clib/angel/boardlib.s                 0x00000000   Number         0  boardshut.o ABSOLUTE
    ../clib/angel/handlers.s                 0x00000000   Number         0  __scatter_zi.o ABSOLUTE
    ../clib/angel/kernel.s                   0x00000000   Number         0  __rtentry.o ABSOLUTE
    ../clib/angel/kernel.s                   0x00000000   Number         0  __rtentry2.o ABSOLUTE
    ../clib/angel/kernel.s                   0x00000000   Number         0  __rtentry4.o ABSOLUTE
    ../clib/angel/kernel.s                   0x00000000   Number         0  rtexit.o ABSOLUTE
    ../clib/angel/kernel.s                   0x00000000   Number         0  rtexit2.o ABSOLUTE
    ../clib/angel/rt.s                       0x00000000   Number         0  rt_heap_descriptor.o ABSOLUTE
    ../clib/angel/rt.s                       0x00000000   Number         0  rt_heap_descriptor_intlibspace.o ABSOLUTE
    ../clib/angel/rt.s                       0x00000000   Number         0  rt_ctype_table.o ABSOLUTE
    ../clib/angel/rt.s                       0x00000000   Number         0  rt_raise.o ABSOLUTE
    ../clib/angel/rt.s                       0x00000000   Number         0  rt_locale.o ABSOLUTE
    ../clib/angel/rt.s                       0x00000000   Number         0  rt_locale_intlibspace.o ABSOLUTE
    ../clib/angel/scatter.s                  0x00000000   Number         0  __scatter.o ABSOLUTE
    ../clib/angel/startup.s                  0x00000000   Number         0  __main.o ABSOLUTE
    ../clib/angel/sys.s                      0x00000000   Number         0  mutex_dummy.o ABSOLUTE
    ../clib/angel/sys.s                      0x00000000   Number         0  libspace.o ABSOLUTE
    ../clib/angel/sys.s                      0x00000000   Number         0  use_no_semi.o ABSOLUTE
    ../clib/angel/sys.s                      0x00000000   Number         0  indicate_semi.o ABSOLUTE
    ../clib/angel/sys.s                      0x00000000   Number         0  sys_stackheap_outer.o ABSOLUTE
    ../clib/angel/sysapp.c                   0x00000000   Number         0  sys_command.o ABSOLUTE
    ../clib/angel/sysapp.c                   0x00000000   Number         0  sys_command_hlt.o ABSOLUTE
    ../clib/angel/sysapp.c                   0x00000000   Number         0  sys_exit.o ABSOLUTE
    ../clib/angel/sysapp.c                   0x00000000   Number         0  sys_exit_hlt.o ABSOLUTE
    ../clib/angel/sysapp.c                   0x00000000   Number         0  sys_wrch.o ABSOLUTE
    ../clib/angel/sysapp.c                   0x00000000   Number         0  sys_wrch_hlt.o ABSOLUTE
    ../clib/armsys.c                         0x00000000   Number         0  _get_argv.o ABSOLUTE
    ../clib/armsys.c                         0x00000000   Number         0  argv_veneer.o ABSOLUTE
    ../clib/armsys.c                         0x00000000   Number         0  argv_veneer.o ABSOLUTE
    ../clib/armsys.c                         0x00000000   Number         0  _get_argv_nomalloc.o ABSOLUTE
    ../clib/armsys.c                         0x00000000   Number         0  no_argv.o ABSOLUTE
    ../clib/ctype.c                          0x00000000   Number         0  isspace.o ABSOLUTE
    ../clib/heap1.c                          0x00000000   Number         0  h1_alloc.o ABSOLUTE
    ../clib/heap1.c                          0x00000000   Number         0  h1_alloc_threads.o ABSOLUTE
    ../clib/heap1.c                          0x00000000   Number         0  h1_init.o ABSOLUTE
    ../clib/heap1.c                          0x00000000   Number         0  h1_free.o ABSOLUTE
    ../clib/heap1.c                          0x00000000   Number         0  h1_init_threads.o ABSOLUTE
    ../clib/heap1.c                          0x00000000   Number         0  h1_free_threads.o ABSOLUTE
    ../clib/heap1.c                          0x00000000   Number         0  h1_extend.o ABSOLUTE
    ../clib/heap1.c                          0x00000000   Number         0  h1_extend_threads.o ABSOLUTE
    ../clib/heap1.c                          0x00000000   Number         0  h1_final.o ABSOLUTE
    ../clib/heap1.c                          0x00000000   Number         0  h1_final_threads.o ABSOLUTE
    ../clib/heap2.c                          0x00000000   Number         0  heap2.o ABSOLUTE
    ../clib/heap2.c                          0x00000000   Number         0  heap2_threads.o ABSOLUTE
    ../clib/heap2.c                          0x00000000   Number         0  fdtree.o ABSOLUTE
    ../clib/heapalloc.c                      0x00000000   Number         0  malloc.o ABSOLUTE
    ../clib/heapalloc.c                      0x00000000   Number         0  hguard.o ABSOLUTE
    ../clib/heapalloc.c                      0x00000000   Number         0  init_alloc.o ABSOLUTE
    ../clib/heapalloc.c                      0x00000000   Number         0  free.o ABSOLUTE
    ../clib/heapalloc.c                      0x00000000   Number         0  heapstubs.o ABSOLUTE
    ../clib/heapalloc.c                      0x00000000   Number         0  hrguard.o ABSOLUTE
    ../clib/heapalloc.c                      0x00000000   Number         0  term_alloc.o ABSOLUTE
    ../clib/heapaux.c                        0x00000000   Number         0  heapauxi.o ABSOLUTE
    ../clib/heapaux.c                        0x00000000   Number         0  heapauxa.o ABSOLUTE
    ../clib/libinit.s                        0x00000000   Number         0  libinit2.o ABSOLUTE
    ../clib/libinit.s                        0x00000000   Number         0  libinit.o ABSOLUTE
    ../clib/libinit.s                        0x00000000   Number         0  libshutdown2.o ABSOLUTE
    ../clib/libinit.s                        0x00000000   Number         0  libshutdown.o ABSOLUTE
    ../clib/locale.s                         0x00000000   Number         0  lc_ctype_c.o ABSOLUTE
    ../clib/maybe.s                          0x00000000   Number         0  maybetermalloc1.o ABSOLUTE
    ../clib/maybe.s                          0x00000000   Number         0  maybetermalloc2.o ABSOLUTE
    ../clib/memcpset.s                       0x00000000   Number         0  strcmpv7em.o ABSOLUTE
    ../clib/memcpset.s                       0x00000000   Number         0  rt_memcpy_w.o ABSOLUTE
    ../clib/misc.s                           0x00000000   Number         0  printf_stubs.o ABSOLUTE
    ../clib/printf.c                         0x00000000   Number         0  __2sprintf.o ABSOLUTE
    ../clib/printf.c                         0x00000000   Number         0  noretval__2sprintf.o ABSOLUTE
    ../clib/printf.c                         0x00000000   Number         0  __printf.o ABSOLUTE
    ../clib/printf.c                         0x00000000   Number         0  _printf_str.o ABSOLUTE
    ../clib/printf.c                         0x00000000   Number         0  _printf_dec.o ABSOLUTE
    ../clib/printf.c                         0x00000000   Number         0  __printf_flags.o ABSOLUTE
    ../clib/printf.c                         0x00000000   Number         0  __printf_ss.o ABSOLUTE
    ../clib/printf.c                         0x00000000   Number         0  __printf_flags_ss.o ABSOLUTE
    ../clib/printf.c                         0x00000000   Number         0  __printf_wp.o ABSOLUTE
    ../clib/printf.c                         0x00000000   Number         0  __printf_flags_wp.o ABSOLUTE
    ../clib/printf.c                         0x00000000   Number         0  __printf_ss_wp.o ABSOLUTE
    ../clib/printf.c                         0x00000000   Number         0  __printf_flags_ss_wp.o ABSOLUTE
    ../clib/printf.c                         0x00000000   Number         0  _printf_intcommon.o ABSOLUTE
    ../clib/printf.c                         0x00000000   Number         0  _printf_char_common.o ABSOLUTE
    ../clib/printf.c                         0x00000000   Number         0  _sputc.o ABSOLUTE
    ../clib/printf.c                         0x00000000   Number         0  _printf_char.o ABSOLUTE
    ../clib/printf.c                         0x00000000   Number         0  __printf_nopercent.o ABSOLUTE
    ../clib/printf_percent.s                 0x00000000   Number         0  _printf_c.o ABSOLUTE
    ../clib/printf_percent.s                 0x00000000   Number         0  _printf_s.o ABSOLUTE
    ../clib/printf_percent.s                 0x00000000   Number         0  _printf_d.o ABSOLUTE
    ../clib/printf_percent.s                 0x00000000   Number         0  _printf_percent.o ABSOLUTE
    ../clib/printf_percent.s                 0x00000000   Number         0  _printf_percent_end.o ABSOLUTE
    ../clib/scanf.c                          0x00000000   Number         0  __0sscanf.o ABSOLUTE
    ../clib/scanf.c                          0x00000000   Number         0  _scanf_str.o ABSOLUTE
    ../clib/scanf.c                          0x00000000   Number         0  scanf_char.o ABSOLUTE
    ../clib/scanf.c                          0x00000000   Number         0  _sgetc.o ABSOLUTE
    ../clib/scanf.c                          0x00000000   Number         0  _scanf.o ABSOLUTE
    ../clib/signal.c                         0x00000000   Number         0  defsig_rtmem_outer.o ABSOLUTE
    ../clib/signal.c                         0x00000000   Number         0  defsig_rtmem_formal.o ABSOLUTE
    ../clib/signal.c                         0x00000000   Number         0  defsig_exit.o ABSOLUTE
    ../clib/signal.c                         0x00000000   Number         0  defsig_rtmem_inner.o ABSOLUTE
    ../clib/signal.c                         0x00000000   Number         0  __raise.o ABSOLUTE
    ../clib/signal.c                         0x00000000   Number         0  defsig_general.o ABSOLUTE
    ../clib/signal.c                         0x00000000   Number         0  defsig_abrt_inner.o ABSOLUTE
    ../clib/signal.c                         0x00000000   Number         0  defsig_fpe_inner.o ABSOLUTE
    ../clib/signal.c                         0x00000000   Number         0  defsig_rtred_inner.o ABSOLUTE
    ../clib/signal.c                         0x00000000   Number         0  defsig_stak_inner.o ABSOLUTE
    ../clib/signal.c                         0x00000000   Number         0  defsig_pvfn_inner.o ABSOLUTE
    ../clib/signal.c                         0x00000000   Number         0  defsig_cppl_inner.o ABSOLUTE
    ../clib/signal.c                         0x00000000   Number         0  defsig_segv_inner.o ABSOLUTE
    ../clib/signal.c                         0x00000000   Number         0  defsig_other.o ABSOLUTE
    ../clib/signal.s                         0x00000000   Number         0  defsig.o ABSOLUTE
    ../clib/stdlib.c                         0x00000000   Number         0  exit.o ABSOLUTE
    ../clib/string.c                         0x00000000   Number         0  strlen.o ABSOLUTE
    ../fplib/ddiv.s                          0x00000000   Number         0  ddiv.o ABSOLUTE
    ../fplib/dfixu.s                         0x00000000   Number         0  dfixu.o ABSOLUTE
    ../fplib/dflt.s                          0x00000000   Number         0  dflt_clz.o ABSOLUTE
    ../fplib/dnaninf.s                       0x00000000   Number         0  dnaninf.o ABSOLUTE
    ../fplib/dretinf.s                       0x00000000   Number         0  dretinf.o ABSOLUTE
    ../fplib/fpinit.s                        0x00000000   Number         0  fpinit.o ABSOLUTE
    ../fplib/usenofp.s                       0x00000000   Number         0  usenofp.o ABSOLUTE
    RTE/Device/STM32F401RETx/startup_stm32f401xe.s 0x00000000   Number         0  startup_stm32f401xe.o ABSOLUTE
    adc.c                                    0x00000000   Number         0  adc.o ABSOLUTE
    comparator.c                             0x00000000   Number         0  comparator.o ABSOLUTE
    dc.s                                     0x00000000   Number         0  dc.o ABSOLUTE
    gpio.c                                   0x00000000   Number         0  gpio.o ABSOLUTE
    i2c.c                                    0x00000000   Number         0  i2c.o ABSOLUTE
    leds.c                                   0x00000000   Number         0  leds.o ABSOLUTE
    main.c                                   0x00000000   Number         0  main.o ABSOLUTE
    queue.c                                  0x00000000   Number         0  queue.o ABSOLUTE
    retarget_io.c                            0x00000000   Number         0  retarget_io.o ABSOLUTE
    stm32f4xx_adc.c                          0x00000000   Number         0  stm32f4xx_adc.o ABSOLUTE
    stm32f4xx_gpio.c                         0x00000000   Number         0  stm32f4xx_gpio.o ABSOLUTE
    stm32f4xx_i2c.c                          0x00000000   Number         0  stm32f4xx_i2c.o ABSOLUTE
    stm32f4xx_rcc.c                          0x00000000   Number         0  stm32f4xx_rcc.o ABSOLUTE
    stm32f4xx_usart.c                        0x00000000   Number         0  stm32f4xx_usart.o ABSOLUTE
    system_stm32f4xx.c                       0x00000000   Number         0  system_stm32f4xx.o ABSOLUTE
    timer.c                                  0x00000000   Number         0  timer.o ABSOLUTE
    uart.c                                   0x00000000   Number         0  uart.o ABSOLUTE
    RESET                                    0x08000000   Section      404  startup_stm32f401xe.o(RESET)
    !!!main                                  0x08000194   Section        8  __main.o(!!!main)
    !!!scatter                               0x0800019c   Section       52  __scatter.o(!!!scatter)
    !!handler_zi                             0x080001d0   Section       28  __scatter_zi.o(!!handler_zi)
    .ARM.Collect$$_printf_percent$$00000000  0x080001ec   Section        0  _printf_percent.o(.ARM.Collect$$_printf_percent$$00000000)
    .ARM.Collect$$_printf_percent$$00000009  0x080001ec   Section        6  _printf_d.o(.ARM.Collect$$_printf_percent$$00000009)
    .ARM.Collect$$_printf_percent$$00000013  0x080001f2   Section        6  _printf_c.o(.ARM.Collect$$_printf_percent$$00000013)
    .ARM.Collect$$_printf_percent$$00000014  0x080001f8   Section        6  _printf_s.o(.ARM.Collect$$_printf_percent$$00000014)
    .ARM.Collect$$_printf_percent$$00000017  0x080001fe   Section        4  _printf_percent_end.o(.ARM.Collect$$_printf_percent$$00000017)
    .ARM.Collect$$libinit$$00000000          0x08000202   Section        2  libinit.o(.ARM.Collect$$libinit$$00000000)
    .ARM.Collect$$libinit$$00000001          0x08000204   Section        4  libinit2.o(.ARM.Collect$$libinit$$00000001)
    .ARM.Collect$$libinit$$00000004          0x08000208   Section        0  libinit2.o(.ARM.Collect$$libinit$$00000004)
    .ARM.Collect$$libinit$$00000005          0x08000208   Section        8  libinit2.o(.ARM.Collect$$libinit$$00000005)
    .ARM.Collect$$libinit$$0000000A          0x08000210   Section        0  libinit2.o(.ARM.Collect$$libinit$$0000000A)
    .ARM.Collect$$libinit$$0000000C          0x08000210   Section        0  libinit2.o(.ARM.Collect$$libinit$$0000000C)
    .ARM.Collect$$libinit$$0000000E          0x08000210   Section        0  libinit2.o(.ARM.Collect$$libinit$$0000000E)
    .ARM.Collect$$libinit$$0000000F          0x08000210   Section        6  libinit2.o(.ARM.Collect$$libinit$$0000000F)
    .ARM.Collect$$libinit$$00000011          0x08000216   Section        0  libinit2.o(.ARM.Collect$$libinit$$00000011)
    .ARM.Collect$$libinit$$00000012          0x08000216   Section       12  libinit2.o(.ARM.Collect$$libinit$$00000012)
    .ARM.Collect$$libinit$$00000013          0x08000222   Section        0  libinit2.o(.ARM.Collect$$libinit$$00000013)
    .ARM.Collect$$libinit$$00000015          0x08000222   Section        0  libinit2.o(.ARM.Collect$$libinit$$00000015)
    .ARM.Collect$$libinit$$00000017          0x08000222   Section        0  libinit2.o(.ARM.Collect$$libinit$$00000017)
    .ARM.Collect$$libinit$$00000019          0x08000222   Section        0  libinit2.o(.ARM.Collect$$libinit$$00000019)
    .ARM.Collect$$libinit$$0000001B          0x08000222   Section        0  libinit2.o(.ARM.Collect$$libinit$$0000001B)
    .ARM.Collect$$libinit$$0000001D          0x08000222   Section        0  libinit2.o(.ARM.Collect$$libinit$$0000001D)
    .ARM.Collect$$libinit$$0000001F          0x08000222   Section        0  libinit2.o(.ARM.Collect$$libinit$$0000001F)
    .ARM.Collect$$libinit$$00000021          0x08000222   Section        0  libinit2.o(.ARM.Collect$$libinit$$00000021)
    .ARM.Collect$$libinit$$00000023          0x08000222   Section        0  libinit2.o(.ARM.Collect$$libinit$$00000023)
    .ARM.Collect$$libinit$$00000025          0x08000222   Section        0  libinit2.o(.ARM.Collect$$libinit$$00000025)
    .ARM.Collect$$libinit$$0000002C          0x08000222   Section        0  libinit2.o(.ARM.Collect$$libinit$$0000002C)
    .ARM.Collect$$libinit$$0000002E          0x08000222   Section        0  libinit2.o(.ARM.Collect$$libinit$$0000002E)
    .ARM.Collect$$libinit$$00000030          0x08000222   Section        0  libinit2.o(.ARM.Collect$$libinit$$00000030)
    .ARM.Collect$$libinit$$00000032          0x08000222   Section        0  libinit2.o(.ARM.Collect$$libinit$$00000032)
    .ARM.Collect$$libinit$$00000033          0x08000222   Section        2  libinit2.o(.ARM.Collect$$libinit$$00000033)
    .ARM.Collect$$libshutdown$$00000000      0x08000224   Section        2  libshutdown.o(.ARM.Collect$$libshutdown$$00000000)
    .ARM.Collect$$libshutdown$$00000002      0x08000226   Section        0  libshutdown2.o(.ARM.Collect$$libshutdown$$00000002)
    .ARM.Collect$$libshutdown$$00000004      0x08000226   Section        0  libshutdown2.o(.ARM.Collect$$libshutdown$$00000004)
    .ARM.Collect$$libshutdown$$00000007      0x08000226   Section        0  libshutdown2.o(.ARM.Collect$$libshutdown$$00000007)
    .ARM.Collect$$libshutdown$$0000000A      0x08000226   Section        0  libshutdown2.o(.ARM.Collect$$libshutdown$$0000000A)
    .ARM.Collect$$libshutdown$$0000000C      0x08000226   Section        0  libshutdown2.o(.ARM.Collect$$libshutdown$$0000000C)
    .ARM.Collect$$libshutdown$$0000000F      0x08000226   Section        0  libshutdown2.o(.ARM.Collect$$libshutdown$$0000000F)
    .ARM.Collect$$libshutdown$$00000010      0x08000226   Section        2  libshutdown2.o(.ARM.Collect$$libshutdown$$00000010)
    .ARM.Collect$$rtentry$$00000000          0x08000228   Section        0  __rtentry.o(.ARM.Collect$$rtentry$$00000000)
    .ARM.Collect$$rtentry$$00000002          0x08000228   Section        0  __rtentry2.o(.ARM.Collect$$rtentry$$00000002)
    .ARM.Collect$$rtentry$$00000004          0x08000228   Section        6  __rtentry4.o(.ARM.Collect$$rtentry$$00000004)
    .ARM.Collect$$rtentry$$00000009          0x0800022e   Section        0  __rtentry2.o(.ARM.Collect$$rtentry$$00000009)
    .ARM.Collect$$rtentry$$0000000A          0x0800022e   Section        4  __rtentry2.o(.ARM.Collect$$rtentry$$0000000A)
    .ARM.Collect$$rtentry$$0000000C          0x08000232   Section        0  __rtentry2.o(.ARM.Collect$$rtentry$$0000000C)
    .ARM.Collect$$rtentry$$0000000D          0x08000232   Section        8  __rtentry2.o(.ARM.Collect$$rtentry$$0000000D)
    .ARM.Collect$$rtexit$$00000000           0x0800023a   Section        2  rtexit.o(.ARM.Collect$$rtexit$$00000000)
    .ARM.Collect$$rtexit$$00000002           0x0800023c   Section        0  rtexit2.o(.ARM.Collect$$rtexit$$00000002)
    .ARM.Collect$$rtexit$$00000003           0x0800023c   Section        4  rtexit2.o(.ARM.Collect$$rtexit$$00000003)
    .ARM.Collect$$rtexit$$00000004           0x08000240   Section        6  rtexit2.o(.ARM.Collect$$rtexit$$00000004)
    $v0                                      0x08000248   Number         0  startup_stm32f401xe.o(.text)
    .text                                    0x08000248   Section       64  startup_stm32f401xe.o(.text)
    .text                                    0x08000288   Section        0  h1_alloc.o(.text)
    .text                                    0x080002e8   Section        0  __2sprintf.o(.text)
    .text                                    0x08000314   Section        0  __printf.o(.text)
    .text                                    0x0800037c   Section        0  _printf_str.o(.text)
    .text                                    0x080003d0   Section        0  _printf_dec.o(.text)
    .text                                    0x08000448   Section        0  __0sscanf.o(.text)
    .text                                    0x08000484   Section        0  _scanf_str.o(.text)
    .text                                    0x08000564   Section        0  strlen.o(.text)
    .text                                    0x080005a8   Section      124  strcmpv7em.o(.text)
    .text                                    0x08000624   Section        0  heapauxi.o(.text)
    .text                                    0x0800062c   Section        8  rt_heap_descriptor_intlibspace.o(.text)
    .text                                    0x08000634   Section        0  hguard.o(.text)
    .text                                    0x08000638   Section        0  init_alloc.o(.text)
    .text                                    0x080006c2   Section        0  h1_init.o(.text)
    .text                                    0x080006d0   Section        0  h1_free.o(.text)
    .text                                    0x0800071e   Section        0  _printf_intcommon.o(.text)
    _printf_input_char                       0x080007d1   Thumb Code    10  _printf_char_common.o(.text)
    .text                                    0x080007d0   Section        0  _printf_char_common.o(.text)
    .text                                    0x08000800   Section        0  _sputc.o(.text)
    .text                                    0x0800080a   Section        0  _printf_char.o(.text)
    _scanf_char_input                        0x08000839   Thumb Code    12  scanf_char.o(.text)
    .text                                    0x08000838   Section        0  scanf_char.o(.text)
    .text                                    0x08000864   Section        0  _sgetc.o(.text)
    .text                                    0x080008a4   Section        8  libspace.o(.text)
    .text                                    0x080008ac   Section        0  maybetermalloc1.o(.text)
    .text                                    0x080008ac   Section        0  h1_extend.o(.text)
    .text                                    0x080008e0   Section        0  isspace.o(.text)
    .text                                    0x080008f4   Section        0  _scanf.o(.text)
    .text                                    0x08000c68   Section        0  defsig_rtmem_outer.o(.text)
    .text                                    0x08000c76   Section        2  use_no_semi.o(.text)
    .text                                    0x08000c78   Section        0  indicate_semi.o(.text)
    .text                                    0x08000c78   Section       74  sys_stackheap_outer.o(.text)
    .text                                    0x08000cc4   Section       16  rt_ctype_table.o(.text)
    .text                                    0x08000cd4   Section        0  exit.o(.text)
    .text                                    0x08000ce6   Section        0  defsig_exit.o(.text)
    .text                                    0x08000cf0   Section        0  defsig_rtmem_inner.o(.text)
    .text                                    0x08000d40   Section        0  sys_exit.o(.text)
    .text                                    0x08000d4c   Section        8  rt_locale_intlibspace.o(.text)
    .text                                    0x08000d54   Section        0  defsig_general.o(.text)
    .text                                    0x08000d86   Section        0  sys_wrch.o(.text)
    [Anonymous Symbol]                       0x08000d94   Section        0  gpio.o(.text.EXTI0_IRQHandler)
    [Anonymous Symbol]                       0x08000dfc   Section        0  gpio.o(.text.EXTI15_10_IRQHandler)
    [Anonymous Symbol]                       0x08000e64   Section        0  gpio.o(.text.EXTI1_IRQHandler)
    [Anonymous Symbol]                       0x08000ecc   Section        0  gpio.o(.text.EXTI2_IRQHandler)
    [Anonymous Symbol]                       0x08000f34   Section        0  gpio.o(.text.EXTI3_IRQHandler)
    [Anonymous Symbol]                       0x08000f9c   Section        0  gpio.o(.text.EXTI4_IRQHandler)
    [Anonymous Symbol]                       0x08001004   Section        0  gpio.o(.text.EXTI9_5_IRQHandler)
    [Anonymous Symbol]                       0x0800106c   Section        0  stm32f4xx_gpio.o(.text.GPIO_Init)
    [Anonymous Symbol]                       0x080010f4   Section        0  stm32f4xx_gpio.o(.text.GPIO_PinAFConfig)
    NVIC_EncodePriority                      0x0800111d   Thumb Code    50  gpio.o(.text.NVIC_EncodePriority)
    [Anonymous Symbol]                       0x0800111c   Section        0  gpio.o(.text.NVIC_EncodePriority)
    [Anonymous Symbol]                       0x08001150   Section        0  stm32f4xx_rcc.o(.text.RCC_AHB1PeriphClockCmd)
    [Anonymous Symbol]                       0x08001168   Section        0  stm32f4xx_rcc.o(.text.RCC_APB1PeriphClockCmd)
    [Anonymous Symbol]                       0x08001180   Section        0  stm32f4xx_rcc.o(.text.RCC_GetClocksFreq)
    [Anonymous Symbol]                       0x08001218   Section        0  timer.o(.text.SysTick_Handler)
    [Anonymous Symbol]                       0x08001228   Section        0  system_stm32f4xx.o(.text.SystemInit)
    [Anonymous Symbol]                       0x0800123c   Section        0  uart.o(.text.USART2_IRQHandler)
    [Anonymous Symbol]                       0x08001264   Section        0  stm32f4xx_usart.o(.text.USART_Cmd)
    [Anonymous Symbol]                       0x0800127c   Section        0  stm32f4xx_usart.o(.text.USART_GetFlagStatus)
    [Anonymous Symbol]                       0x08001288   Section        0  stm32f4xx_usart.o(.text.USART_Init)
    [Anonymous Symbol]                       0x08001350   Section        0  stm32f4xx_usart.o(.text.USART_ReceiveData)
    [Anonymous Symbol]                       0x08001358   Section        0  stm32f4xx_usart.o(.text.USART_SendData)
    __NVIC_ClearPendingIRQ                   0x08001361   Thumb Code    32  gpio.o(.text.__NVIC_ClearPendingIRQ)
    [Anonymous Symbol]                       0x08001360   Section        0  gpio.o(.text.__NVIC_ClearPendingIRQ)
    __NVIC_ClearPendingIRQ                   0x08001381   Thumb Code    14  uart.o(.text.__NVIC_ClearPendingIRQ)
    [Anonymous Symbol]                       0x08001380   Section        0  uart.o(.text.__NVIC_ClearPendingIRQ)
    __NVIC_EnableIRQ                         0x08001391   Thumb Code    32  gpio.o(.text.__NVIC_EnableIRQ)
    [Anonymous Symbol]                       0x08001390   Section        0  gpio.o(.text.__NVIC_EnableIRQ)
    __NVIC_EnableIRQ                         0x080013b1   Thumb Code    14  uart.o(.text.__NVIC_EnableIRQ)
    [Anonymous Symbol]                       0x080013b0   Section        0  uart.o(.text.__NVIC_EnableIRQ)
    __NVIC_GetPriorityGrouping               0x080013c1   Thumb Code    16  gpio.o(.text.__NVIC_GetPriorityGrouping)
    [Anonymous Symbol]                       0x080013c0   Section        0  gpio.o(.text.__NVIC_GetPriorityGrouping)
    __NVIC_SetPriority                       0x080013d1   Thumb Code    16  gpio.o(.text.__NVIC_SetPriority)
    [Anonymous Symbol]                       0x080013d0   Section        0  gpio.o(.text.__NVIC_SetPriority)
    __NVIC_SetPriority                       0x080013e1   Thumb Code    14  uart.o(.text.__NVIC_SetPriority)
    [Anonymous Symbol]                       0x080013e0   Section        0  uart.o(.text.__NVIC_SetPriority)
    [Anonymous Symbol]                       0x080013f0   Section        0  main.o(.text.button_press_isr)
    [Anonymous Symbol]                       0x08001450   Section        0  gpio.o(.text.gpio_set)
    [Anonymous Symbol]                       0x08001478   Section        0  gpio.o(.text.gpio_set_callback)
    [Anonymous Symbol]                       0x08001688   Section        0  gpio.o(.text.gpio_set_mode)
    [Anonymous Symbol]                       0x0800173c   Section        0  gpio.o(.text.gpio_set_trigger)
    [Anonymous Symbol]                       0x080017a8   Section        0  leds.o(.text.leds_init)
    [Anonymous Symbol]                       0x080017d0   Section        0  leds.o(.text.leds_set)
    [Anonymous Symbol]                       0x08001804   Section        0  main.o(.text.main)
    [Anonymous Symbol]                       0x08001a48   Section        0  queue.o(.text.queue_dequeue)
    [Anonymous Symbol]                       0x08001a78   Section        0  queue.o(.text.queue_enqueue)
    [Anonymous Symbol]                       0x08001aa8   Section        0  queue.o(.text.queue_init)
    [Anonymous Symbol]                       0x08001ac8   Section        0  queue.o(.text.queue_is_empty)
    [Anonymous Symbol]                       0x08001ad8   Section        0  queue.o(.text.queue_is_full)
    [Anonymous Symbol]                       0x08001af4   Section        0  uart.o(.text.uart_enable)
    [Anonymous Symbol]                       0x08001b08   Section        0  uart.o(.text.uart_init)
    [Anonymous Symbol]                       0x08001b68   Section        0  uart.o(.text.uart_print)
    [Anonymous Symbol]                       0x08001b84   Section        0  uart.o(.text.uart_rx)
    [Anonymous Symbol]                       0x08001ba8   Section        0  main.o(.text.uart_rx_isr)
    [Anonymous Symbol]                       0x08001bd0   Section        0  uart.o(.text.uart_set_rx_callback)
    [Anonymous Symbol]                       0x08001bfc   Section        0  uart.o(.text.uart_tx)
    locale$$code                             0x08001c20   Section       44  lc_ctype_c.o(locale$$code)
    $v0                                      0x08001c4c   Number         0  fpinit.o(x$fpl$fpinit)
    x$fpl$fpinit                             0x08001c4c   Section       26  fpinit.o(x$fpl$fpinit)
    APBAHBPrescTable                         0x08001c66   Data          16  stm32f4xx_rcc.o(.rodata.APBAHBPrescTable)
    [Anonymous Symbol]                       0x08001c66   Section        0  stm32f4xx_rcc.o(.rodata.APBAHBPrescTable)
    .L.str                                   0x08001c76   Data          51  main.o(.rodata.str1.1)
    [Anonymous Symbol]                       0x08001c76   Section        0  main.o(.rodata.str1.1)
    .L.str.7                                 0x08001ca9   Data          33  main.o(.rodata.str1.1)
    .L.str.2                                 0x08001cca   Data          42  main.o(.rodata.str1.1)
    .L.str.9                                 0x08001cf4   Data          37  main.o(.rodata.str1.1)
    .L.str.6                                 0x08001d19   Data          57  main.o(.rodata.str1.1)
    .L.str.1                                 0x08001d52   Data          22  main.o(.rodata.str1.1)
    locale$$data                             0x08001d78   Section      272  lc_ctype_c.o(locale$$data)
    __lcctype_c_name                         0x08001d7c   Data           2  lc_ctype_c.o(locale$$data)
    __lcctype_c_start                        0x08001d84   Data           0  lc_ctype_c.o(locale$$data)
    __lcctype_c_end                          0x08001e88   Data           0  lc_ctype_c.o(locale$$data)
    .bss                                     0x20000000   Section       96  libspace.o(.bss)
    GPIO_callback                            0x20000064   Data           4  gpio.o(.bss.GPIO_callback)
    [Anonymous Symbol]                       0x20000064   Section        0  gpio.o(.bss.GPIO_callback)
    UART_callback                            0x20000074   Data           4  uart.o(.bss.UART_callback)
    [Anonymous Symbol]                       0x20000074   Section        0  uart.o(.bss.UART_callback)
    timer_callback                           0x20000098   Data           4  timer.o(.bss.timer_callback)
    [Anonymous Symbol]                       0x20000098   Section        0  timer.o(.bss.timer_callback)
    Heap_Mem                                 0x200000a0   Data         512  startup_stm32f401xe.o(HEAP)
    HEAP                                     0x200000a0   Section      512  startup_stm32f401xe.o(HEAP)
    Stack_Mem                                0x200002a0   Data        1024  startup_stm32f401xe.o(STACK)
    STACK                                    0x200002a0   Section     1024  startup_stm32f401xe.o(STACK)
    __initial_sp                             0x200006a0   Data           0  startup_stm32f401xe.o(STACK)

    Global Symbols

    Symbol Name                              Value     Ov Type        Size  Object(Section)

    BuildAttributes$$THM_ISAv4$E$P$D$K$B$S$7EM$VFPi3$EXTD16$VFPS$VFMA$PE$A:L22UL41UL21$X:L11$S22US41US21$IEEE1$IW$~IW$USESV6$~STKCKD$USESV7$~SHL$OTIME$ROPI$EBA8$UX$STANDARDLIB$REQ8$PRES8$EABIv2 0x00000000   Number         0  anon$$obj.o ABSOLUTE
    _printf_flags                            0x00000000   Number         0  printf_stubs.o ABSOLUTE
    _printf_return_value                     0x00000000   Number         0  printf_stubs.o ABSOLUTE
    _printf_sizespec                         0x00000000   Number         0  printf_stubs.o ABSOLUTE
    _printf_widthprec                        0x00000000   Number         0  printf_stubs.o ABSOLUTE
    __ARM_exceptions_init                     - Undefined Weak Reference
    __alloca_initialize                       - Undefined Weak Reference
    __arm_preinit_                            - Undefined Weak Reference
    __cpp_initialize__aeabi_                  - Undefined Weak Reference
    __cxa_finalize                            - Undefined Weak Reference
    __sigvec_lookup                           - Undefined Weak Reference
    __user_heap_extent                        - Undefined Weak Reference
    _atexit_init                              - Undefined Weak Reference
    _call_atexit_fns                          - Undefined Weak Reference
    _clock_init                               - Undefined Weak Reference
    _fp_trap_init                             - Undefined Weak Reference
    _fp_trap_shutdown                         - Undefined Weak Reference
    _get_lc_collate                           - Undefined Weak Reference
    _get_lc_monetary                          - Undefined Weak Reference
    _get_lc_numeric                           - Undefined Weak Reference
    _get_lc_time                              - Undefined Weak Reference
    _getenv_init                              - Undefined Weak Reference
    _handle_redirection                       - Undefined Weak Reference
    _initio                                   - Undefined Weak Reference
    _mutex_acquire                            - Undefined Weak Reference
    _mutex_free                               - Undefined Weak Reference
    _mutex_release                            - Undefined Weak Reference
    _printf_mbtowc                            - Undefined Weak Reference
    _printf_post_padding                      - Undefined Weak Reference
    _printf_pre_padding                       - Undefined Weak Reference
    _printf_truncate_signed                   - Undefined Weak Reference
    _printf_truncate_unsigned                 - Undefined Weak Reference
    _rand_init                                - Undefined Weak Reference
    _scanf_int                                - Undefined Weak Reference
    _scanf_longlong                           - Undefined Weak Reference
    _scanf_mbtowc                             - Undefined Weak Reference
    _scanf_real                               - Undefined Weak Reference
    _scanf_wctomb                             - Undefined Weak Reference
    _scanf_wstring                            - Undefined Weak Reference
    _signal_finish                            - Undefined Weak Reference
    _signal_init                              - Undefined Weak Reference
    _terminateio                              - Undefined Weak Reference
    __Vectors_Size                           0x00000194   Number         0  startup_stm32f401xe.o ABSOLUTE
    __Vectors                                0x08000000   Data           4  startup_stm32f401xe.o(RESET)
    __Vectors_End                            0x08000194   Data           0  startup_stm32f401xe.o(RESET)
    __main                                   0x08000195   Thumb Code     8  __main.o(!!!main)
    __scatterload                            0x0800019d   Thumb Code     0  __scatter.o(!!!scatter)
    __scatterload_rt2                        0x0800019d   Thumb Code    44  __scatter.o(!!!scatter)
    __scatterload_rt2_thumb_only             0x0800019d   Thumb Code     0  __scatter.o(!!!scatter)
    __scatterload_null                       0x080001ab   Thumb Code     0  __scatter.o(!!!scatter)
    __scatterload_zeroinit                   0x080001d1   Thumb Code    28  __scatter_zi.o(!!handler_zi)
    _printf_d                                0x080001ed   Thumb Code     0  _printf_d.o(.ARM.Collect$$_printf_percent$$00000009)
    _printf_percent                          0x080001ed   Thumb Code     0  _printf_percent.o(.ARM.Collect$$_printf_percent$$00000000)
    _printf_c                                0x080001f3   Thumb Code     0  _printf_c.o(.ARM.Collect$$_printf_percent$$00000013)
    _printf_s                                0x080001f9   Thumb Code     0  _printf_s.o(.ARM.Collect$$_printf_percent$$00000014)
    _printf_percent_end                      0x080001ff   Thumb Code     0  _printf_percent_end.o(.ARM.Collect$$_printf_percent$$00000017)
    __rt_lib_init                            0x08000203   Thumb Code     0  libinit.o(.ARM.Collect$$libinit$$00000000)
    __rt_lib_init_fp_1                       0x08000205   Thumb Code     0  libinit2.o(.ARM.Collect$$libinit$$00000001)
    __rt_lib_init_heap_2                     0x08000209   Thumb Code     0  libinit2.o(.ARM.Collect$$libinit$$00000005)
    __rt_lib_init_preinit_1                  0x08000209   Thumb Code     0  libinit2.o(.ARM.Collect$$libinit$$00000004)
    __rt_lib_init_heap_1                     0x08000211   Thumb Code     0  libinit2.o(.ARM.Collect$$libinit$$0000000A)
    __rt_lib_init_lc_common                  0x08000211   Thumb Code     0  libinit2.o(.ARM.Collect$$libinit$$0000000F)
    __rt_lib_init_rand_1                     0x08000211   Thumb Code     0  libinit2.o(.ARM.Collect$$libinit$$0000000E)
    __rt_lib_init_user_alloc_1               0x08000211   Thumb Code     0  libinit2.o(.ARM.Collect$$libinit$$0000000C)
    __rt_lib_init_lc_collate_1               0x08000217   Thumb Code     0  libinit2.o(.ARM.Collect$$libinit$$00000011)
    __rt_lib_init_lc_ctype_2                 0x08000217   Thumb Code     0  libinit2.o(.ARM.Collect$$libinit$$00000012)
    __rt_lib_init_alloca_1                   0x08000223   Thumb Code     0  libinit2.o(.ARM.Collect$$libinit$$0000002E)
    __rt_lib_init_argv_1                     0x08000223   Thumb Code     0  libinit2.o(.ARM.Collect$$libinit$$0000002C)
    __rt_lib_init_atexit_1                   0x08000223   Thumb Code     0  libinit2.o(.ARM.Collect$$libinit$$0000001B)
    __rt_lib_init_clock_1                    0x08000223   Thumb Code     0  libinit2.o(.ARM.Collect$$libinit$$00000021)
    __rt_lib_init_cpp_1                      0x08000223   Thumb Code     0  libinit2.o(.ARM.Collect$$libinit$$00000032)
    __rt_lib_init_exceptions_1               0x08000223   Thumb Code     0  libinit2.o(.ARM.Collect$$libinit$$00000030)
    __rt_lib_init_fp_trap_1                  0x08000223   Thumb Code     0  libinit2.o(.ARM.Collect$$libinit$$0000001F)
    __rt_lib_init_getenv_1                   0x08000223   Thumb Code     0  libinit2.o(.ARM.Collect$$libinit$$00000023)
    __rt_lib_init_lc_ctype_1                 0x08000223   Thumb Code     0  libinit2.o(.ARM.Collect$$libinit$$00000013)
    __rt_lib_init_lc_monetary_1              0x08000223   Thumb Code     0  libinit2.o(.ARM.Collect$$libinit$$00000015)
    __rt_lib_init_lc_numeric_1               0x08000223   Thumb Code     0  libinit2.o(.ARM.Collect$$libinit$$00000017)
    __rt_lib_init_lc_time_1                  0x08000223   Thumb Code     0  libinit2.o(.ARM.Collect$$libinit$$00000019)
    __rt_lib_init_return                     0x08000223   Thumb Code     0  libinit2.o(.ARM.Collect$$libinit$$00000033)
    __rt_lib_init_signal_1                   0x08000223   Thumb Code     0  libinit2.o(.ARM.Collect$$libinit$$0000001D)
    __rt_lib_init_stdio_1                    0x08000223   Thumb Code     0  libinit2.o(.ARM.Collect$$libinit$$00000025)
    __rt_lib_shutdown                        0x08000225   Thumb Code     0  libshutdown.o(.ARM.Collect$$libshutdown$$00000000)
    __rt_lib_shutdown_cpp_1                  0x08000227   Thumb Code     0  libshutdown2.o(.ARM.Collect$$libshutdown$$00000002)
    __rt_lib_shutdown_fp_trap_1              0x08000227   Thumb Code     0  libshutdown2.o(.ARM.Collect$$libshutdown$$00000007)
    __rt_lib_shutdown_heap_1                 0x08000227   Thumb Code     0  libshutdown2.o(.ARM.Collect$$libshutdown$$0000000F)
    __rt_lib_shutdown_return                 0x08000227   Thumb Code     0  libshutdown2.o(.ARM.Collect$$libshutdown$$00000010)
    __rt_lib_shutdown_signal_1               0x08000227   Thumb Code     0  libshutdown2.o(.ARM.Collect$$libshutdown$$0000000A)
    __rt_lib_shutdown_stdio_1                0x08000227   Thumb Code     0  libshutdown2.o(.ARM.Collect$$libshutdown$$00000004)
    __rt_lib_shutdown_user_alloc_1           0x08000227   Thumb Code     0  libshutdown2.o(.ARM.Collect$$libshutdown$$0000000C)
    __rt_entry                               0x08000229   Thumb Code     0  __rtentry.o(.ARM.Collect$$rtentry$$00000000)
    __rt_entry_presh_1                       0x08000229   Thumb Code     0  __rtentry2.o(.ARM.Collect$$rtentry$$00000002)
    __rt_entry_sh                            0x08000229   Thumb Code     0  __rtentry4.o(.ARM.Collect$$rtentry$$00000004)
    __rt_entry_li                            0x0800022f   Thumb Code     0  __rtentry2.o(.ARM.Collect$$rtentry$$0000000A)
    __rt_entry_postsh_1                      0x0800022f   Thumb Code     0  __rtentry2.o(.ARM.Collect$$rtentry$$00000009)
    __rt_entry_main                          0x08000233   Thumb Code     0  __rtentry2.o(.ARM.Collect$$rtentry$$0000000D)
    __rt_entry_postli_1                      0x08000233   Thumb Code     0  __rtentry2.o(.ARM.Collect$$rtentry$$0000000C)
    __rt_exit                                0x0800023b   Thumb Code     0  rtexit.o(.ARM.Collect$$rtexit$$00000000)
    __rt_exit_ls                             0x0800023d   Thumb Code     0  rtexit2.o(.ARM.Collect$$rtexit$$00000003)
    __rt_exit_prels_1                        0x0800023d   Thumb Code     0  rtexit2.o(.ARM.Collect$$rtexit$$00000002)
    __rt_exit_exit                           0x08000241   Thumb Code     0  rtexit2.o(.ARM.Collect$$rtexit$$00000004)
    Reset_Handler                            0x08000249   Thumb Code     8  startup_stm32f401xe.o(.text)
    NMI_Handler                              0x08000251   Thumb Code     2  startup_stm32f401xe.o(.text)
    HardFault_Handler                        0x08000253   Thumb Code     2  startup_stm32f401xe.o(.text)
    MemManage_Handler                        0x08000255   Thumb Code     2  startup_stm32f401xe.o(.text)
    BusFault_Handler                         0x08000257   Thumb Code     2  startup_stm32f401xe.o(.text)
    UsageFault_Handler                       0x08000259   Thumb Code     2  startup_stm32f401xe.o(.text)
    SVC_Handler                              0x0800025b   Thumb Code     2  startup_stm32f401xe.o(.text)
    DebugMon_Handler                         0x0800025d   Thumb Code     2  startup_stm32f401xe.o(.text)
    PendSV_Handler                           0x0800025f   Thumb Code     2  startup_stm32f401xe.o(.text)
    ADC_IRQHandler                           0x08000263   Thumb Code     0  startup_stm32f401xe.o(.text)
    DMA1_Stream0_IRQHandler                  0x08000263   Thumb Code     0  startup_stm32f401xe.o(.text)
    DMA1_Stream1_IRQHandler                  0x08000263   Thumb Code     0  startup_stm32f401xe.o(.text)
    DMA1_Stream2_IRQHandler                  0x08000263   Thumb Code     0  startup_stm32f401xe.o(.text)
    DMA1_Stream3_IRQHandler                  0x08000263   Thumb Code     0  startup_stm32f401xe.o(.text)
    DMA1_Stream4_IRQHandler                  0x08000263   Thumb Code     0  startup_stm32f401xe.o(.text)
    DMA1_Stream5_IRQHandler                  0x08000263   Thumb Code     0  startup_stm32f401xe.o(.text)
    DMA1_Stream6_IRQHandler                  0x08000263   Thumb Code     0  startup_stm32f401xe.o(.text)
    DMA1_Stream7_IRQHandler                  0x08000263   Thumb Code     0  startup_stm32f401xe.o(.text)
    DMA2_Stream0_IRQHandler                  0x08000263   Thumb Code     0  startup_stm32f401xe.o(.text)
    DMA2_Stream1_IRQHandler                  0x08000263   Thumb Code     0  startup_stm32f401xe.o(.text)
    DMA2_Stream2_IRQHandler                  0x08000263   Thumb Code     0  startup_stm32f401xe.o(.text)
    DMA2_Stream3_IRQHandler                  0x08000263   Thumb Code     0  startup_stm32f401xe.o(.text)
    DMA2_Stream4_IRQHandler                  0x08000263   Thumb Code     0  startup_stm32f401xe.o(.text)
    DMA2_Stream5_IRQHandler                  0x08000263   Thumb Code     0  startup_stm32f401xe.o(.text)
    DMA2_Stream6_IRQHandler                  0x08000263   Thumb Code     0  startup_stm32f401xe.o(.text)
    DMA2_Stream7_IRQHandler                  0x08000263   Thumb Code     0  startup_stm32f401xe.o(.text)
    FLASH_IRQHandler                         0x08000263   Thumb Code     0  startup_stm32f401xe.o(.text)
    FPU_IRQHandler                           0x08000263   Thumb Code     0  startup_stm32f401xe.o(.text)
    I2C1_ER_IRQHandler                       0x08000263   Thumb Code     0  startup_stm32f401xe.o(.text)
    I2C1_EV_IRQHandler                       0x08000263   Thumb Code     0  startup_stm32f401xe.o(.text)
    I2C2_ER_IRQHandler                       0x08000263   Thumb Code     0  startup_stm32f401xe.o(.text)
    I2C2_EV_IRQHandler                       0x08000263   Thumb Code     0  startup_stm32f401xe.o(.text)
    I2C3_ER_IRQHandler                       0x08000263   Thumb Code     0  startup_stm32f401xe.o(.text)
    I2C3_EV_IRQHandler                       0x08000263   Thumb Code     0  startup_stm32f401xe.o(.text)
    OTG_FS_IRQHandler                        0x08000263   Thumb Code     0  startup_stm32f401xe.o(.text)
    OTG_FS_WKUP_IRQHandler                   0x08000263   Thumb Code     0  startup_stm32f401xe.o(.text)
    PVD_IRQHandler                           0x08000263   Thumb Code     0  startup_stm32f401xe.o(.text)
    RCC_IRQHandler                           0x08000263   Thumb Code     0  startup_stm32f401xe.o(.text)
    RTC_Alarm_IRQHandler                     0x08000263   Thumb Code     0  startup_stm32f401xe.o(.text)
    RTC_WKUP_IRQHandler                      0x08000263   Thumb Code     0  startup_stm32f401xe.o(.text)
    SDIO_IRQHandler                          0x08000263   Thumb Code     0  startup_stm32f401xe.o(.text)
    SPI1_IRQHandler                          0x08000263   Thumb Code     0  startup_stm32f401xe.o(.text)
    SPI2_IRQHandler                          0x08000263   Thumb Code     0  startup_stm32f401xe.o(.text)
    SPI3_IRQHandler                          0x08000263   Thumb Code     0  startup_stm32f401xe.o(.text)
    SPI4_IRQHandler                          0x08000263   Thumb Code     0  startup_stm32f401xe.o(.text)
    TAMP_STAMP_IRQHandler                    0x08000263   Thumb Code     0  startup_stm32f401xe.o(.text)
    TIM1_BRK_TIM9_IRQHandler                 0x08000263   Thumb Code     0  startup_stm32f401xe.o(.text)
    TIM1_CC_IRQHandler                       0x08000263   Thumb Code     0  startup_stm32f401xe.o(.text)
    TIM1_TRG_COM_TIM11_IRQHandler            0x08000263   Thumb Code     0  startup_stm32f401xe.o(.text)
    TIM1_UP_TIM10_IRQHandler                 0x08000263   Thumb Code     0  startup_stm32f401xe.o(.text)
    TIM2_IRQHandler                          0x08000263   Thumb Code     0  startup_stm32f401xe.o(.text)
    TIM3_IRQHandler                          0x08000263   Thumb Code     0  startup_stm32f401xe.o(.text)
    TIM4_IRQHandler                          0x08000263   Thumb Code     0  startup_stm32f401xe.o(.text)
    TIM5_IRQHandler                          0x08000263   Thumb Code     0  startup_stm32f401xe.o(.text)
    USART1_IRQHandler                        0x08000263   Thumb Code     0  startup_stm32f401xe.o(.text)
    USART6_IRQHandler                        0x08000263   Thumb Code     0  startup_stm32f401xe.o(.text)
    WWDG_IRQHandler                          0x08000263   Thumb Code     0  startup_stm32f401xe.o(.text)
    __user_initial_stackheap                 0x08000265   Thumb Code     0  startup_stm32f401xe.o(.text)
    malloc                                   0x08000289   Thumb Code    94  h1_alloc.o(.text)
    __2sprintf                               0x080002e9   Thumb Code    38  __2sprintf.o(.text)
    __printf                                 0x08000315   Thumb Code   104  __printf.o(.text)
    _printf_str                              0x0800037d   Thumb Code    82  _printf_str.o(.text)
    _printf_int_dec                          0x080003d1   Thumb Code   104  _printf_dec.o(.text)
    __0sscanf                                0x08000449   Thumb Code    52  __0sscanf.o(.text)
    _scanf_string                            0x08000485   Thumb Code   224  _scanf_str.o(.text)
    strlen                                   0x08000565   Thumb Code    62  strlen.o(.text)
    strcmp                                   0x080005a9   Thumb Code   124  strcmpv7em.o(.text)
    __use_two_region_memory                  0x08000625   Thumb Code     2  heapauxi.o(.text)
    __rt_heap_escrow                         0x08000627   Thumb Code     2  heapauxi.o(.text)
    __rt_heap_expand                         0x08000629   Thumb Code     2  heapauxi.o(.text)
    __rt_heap_descriptor                     0x0800062d   Thumb Code     8  rt_heap_descriptor_intlibspace.o(.text)
    __use_no_heap                            0x08000635   Thumb Code     2  hguard.o(.text)
    __heap$guard                             0x08000637   Thumb Code     2  hguard.o(.text)
    _terminate_user_alloc                    0x08000639   Thumb Code     2  init_alloc.o(.text)
    _init_user_alloc                         0x0800063b   Thumb Code     2  init_alloc.o(.text)
    __Heap_Full                              0x0800063d   Thumb Code    34  init_alloc.o(.text)
    __Heap_Broken                            0x0800065f   Thumb Code     6  init_alloc.o(.text)
    _init_alloc                              0x08000665   Thumb Code    94  init_alloc.o(.text)
    __Heap_Initialize                        0x080006c3   Thumb Code    10  h1_init.o(.text)
    __Heap_DescSize                          0x080006cd   Thumb Code     4  h1_init.o(.text)
    free                                     0x080006d1   Thumb Code    78  h1_free.o(.text)
    _printf_int_common                       0x0800071f   Thumb Code   178  _printf_intcommon.o(.text)
    _printf_char_common                      0x080007db   Thumb Code    32  _printf_char_common.o(.text)
    _sputc                                   0x08000801   Thumb Code    10  _sputc.o(.text)
    _printf_cs_common                        0x0800080b   Thumb Code    20  _printf_char.o(.text)
    _printf_char                             0x0800081f   Thumb Code    16  _printf_char.o(.text)
    _printf_string                           0x0800082f   Thumb Code     8  _printf_char.o(.text)
    __vfscanf_char                           0x08000845   Thumb Code    24  scanf_char.o(.text)
    _sgetc                                   0x08000865   Thumb Code    30  _sgetc.o(.text)
    _sbackspace                              0x08000883   Thumb Code    34  _sgetc.o(.text)
    __user_libspace                          0x080008a5   Thumb Code     8  libspace.o(.text)
    __user_perproc_libspace                  0x080008a5   Thumb Code     0  libspace.o(.text)
    __user_perthread_libspace                0x080008a5   Thumb Code     0  libspace.o(.text)
    __Heap_ProvideMemory                     0x080008ad   Thumb Code    52  h1_extend.o(.text)
    _maybe_terminate_alloc                   0x080008ad   Thumb Code     0  maybetermalloc1.o(.text)
    isspace                                  0x080008e1   Thumb Code    18  isspace.o(.text)
    __vfscanf                                0x080008f5   Thumb Code   878  _scanf.o(.text)
    __rt_SIGRTMEM                            0x08000c69   Thumb Code    14  defsig_rtmem_outer.o(.text)
    __I$use$semihosting                      0x08000c77   Thumb Code     0  use_no_semi.o(.text)
    __use_no_semihosting_swi                 0x08000c77   Thumb Code     2  use_no_semi.o(.text)
    __semihosting_library_function           0x08000c79   Thumb Code     0  indicate_semi.o(.text)
    __user_setup_stackheap                   0x08000c79   Thumb Code    74  sys_stackheap_outer.o(.text)
    __rt_ctype_table                         0x08000cc5   Thumb Code    16  rt_ctype_table.o(.text)
    exit                                     0x08000cd5   Thumb Code    18  exit.o(.text)
    __sig_exit                               0x08000ce7   Thumb Code    10  defsig_exit.o(.text)
    __rt_SIGRTMEM_inner                      0x08000cf1   Thumb Code    22  defsig_rtmem_inner.o(.text)
    _sys_exit                                0x08000d41   Thumb Code     8  sys_exit.o(.text)
    __rt_locale                              0x08000d4d   Thumb Code     8  rt_locale_intlibspace.o(.text)
    __default_signal_display                 0x08000d55   Thumb Code    50  defsig_general.o(.text)
    _ttywrch                                 0x08000d87   Thumb Code    14  sys_wrch.o(.text)
    EXTI0_IRQHandler                         0x08000d95   Thumb Code   104  gpio.o(.text.EXTI0_IRQHandler)
    EXTI15_10_IRQHandler                     0x08000dfd   Thumb Code   104  gpio.o(.text.EXTI15_10_IRQHandler)
    EXTI1_IRQHandler                         0x08000e65   Thumb Code   104  gpio.o(.text.EXTI1_IRQHandler)
    EXTI2_IRQHandler                         0x08000ecd   Thumb Code   104  gpio.o(.text.EXTI2_IRQHandler)
    EXTI3_IRQHandler                         0x08000f35   Thumb Code   104  gpio.o(.text.EXTI3_IRQHandler)
    EXTI4_IRQHandler                         0x08000f9d   Thumb Code   104  gpio.o(.text.EXTI4_IRQHandler)
    EXTI9_5_IRQHandler                       0x08001005   Thumb Code   104  gpio.o(.text.EXTI9_5_IRQHandler)
    GPIO_Init                                0x0800106d   Thumb Code   134  stm32f4xx_gpio.o(.text.GPIO_Init)
    GPIO_PinAFConfig                         0x080010f5   Thumb Code    40  stm32f4xx_gpio.o(.text.GPIO_PinAFConfig)
    RCC_AHB1PeriphClockCmd                   0x08001151   Thumb Code    24  stm32f4xx_rcc.o(.text.RCC_AHB1PeriphClockCmd)
    RCC_APB1PeriphClockCmd                   0x08001169   Thumb Code    24  stm32f4xx_rcc.o(.text.RCC_APB1PeriphClockCmd)
    RCC_GetClocksFreq                        0x08001181   Thumb Code   150  stm32f4xx_rcc.o(.text.RCC_GetClocksFreq)
    SysTick_Handler                          0x08001219   Thumb Code    16  timer.o(.text.SysTick_Handler)
    SystemInit                               0x08001229   Thumb Code    18  system_stm32f4xx.o(.text.SystemInit)
    USART2_IRQHandler                        0x0800123d   Thumb Code    40  uart.o(.text.USART2_IRQHandler)
    USART_Cmd                                0x08001265   Thumb Code    22  stm32f4xx_usart.o(.text.USART_Cmd)
    USART_GetFlagStatus                      0x0800127d   Thumb Code    10  stm32f4xx_usart.o(.text.USART_GetFlagStatus)
    USART_Init                               0x08001289   Thumb Code   198  stm32f4xx_usart.o(.text.USART_Init)
    USART_ReceiveData                        0x08001351   Thumb Code     8  stm32f4xx_usart.o(.text.USART_ReceiveData)
    USART_SendData                           0x08001359   Thumb Code     8  stm32f4xx_usart.o(.text.USART_SendData)
    button_press_isr                         0x080013f1   Thumb Code    96  main.o(.text.button_press_isr)
    gpio_set                                 0x08001451   Thumb Code    40  gpio.o(.text.gpio_set)
    gpio_set_callback                        0x08001479   Thumb Code   526  gpio.o(.text.gpio_set_callback)
    gpio_set_mode                            0x08001689   Thumb Code   180  gpio.o(.text.gpio_set_mode)
    gpio_set_trigger                         0x0800173d   Thumb Code   106  gpio.o(.text.gpio_set_trigger)
    leds_init                                0x080017a9   Thumb Code    38  leds.o(.text.leds_init)
    leds_set                                 0x080017d1   Thumb Code    52  leds.o(.text.leds_set)
    main                                     0x08001805   Thumb Code   436  main.o(.text.main)
    queue_dequeue                            0x08001a49   Thumb Code    48  queue.o(.text.queue_dequeue)
    queue_enqueue                            0x08001a79   Thumb Code    46  queue.o(.text.queue_enqueue)
    queue_init                               0x08001aa9   Thumb Code    30  queue.o(.text.queue_init)
    queue_is_empty                           0x08001ac9   Thumb Code    14  queue.o(.text.queue_is_empty)
    queue_is_full                            0x08001ad9   Thumb Code    26  queue.o(.text.queue_is_full)
    uart_enable                              0x08001af5   Thumb Code    18  uart.o(.text.uart_enable)
    uart_init                                0x08001b09   Thumb Code    96  uart.o(.text.uart_init)
    uart_print                               0x08001b69   Thumb Code    28  uart.o(.text.uart_print)
    uart_rx                                  0x08001b85   Thumb Code    34  uart.o(.text.uart_rx)
    uart_rx_isr                              0x08001ba9   Thumb Code    40  main.o(.text.uart_rx_isr)
    uart_set_rx_callback                     0x08001bd1   Thumb Code    44  uart.o(.text.uart_set_rx_callback)
    uart_tx                                  0x08001bfd   Thumb Code    34  uart.o(.text.uart_tx)
    _get_lc_ctype                            0x08001c21   Thumb Code    44  lc_ctype_c.o(locale$$code)
    _fp_init                                 0x08001c4d   Thumb Code    26  fpinit.o(x$fpl$fpinit)
    __fplib_config_fpu_vfp                   0x08001c65   Thumb Code     0  fpinit.o(x$fpl$fpinit)
    __fplib_config_pureend_doubles           0x08001c65   Thumb Code     0  fpinit.o(x$fpl$fpinit)
    Region$$Table$$Base                      0x08001d68   Number         0  anon$$obj.o(Region$$Table)
    Region$$Table$$Limit                     0x08001d78   Number         0  anon$$obj.o(Region$$Table)
    __ctype                                  0x08001d85   Data           0  lc_ctype_c.o(locale$$data)
    __libspace_start                         0x20000000   Data          96  libspace.o(.bss)
    EXTI_port_set                            0x20000060   Data           4  gpio.o(.bss.EXTI_port_set)
    __temporary_stack_top$libspace           0x20000060   Data           0  libspace.o(.bss)
    IRQ_pin_index                            0x20000068   Data           4  gpio.o(.bss.IRQ_pin_index)
    IRQ_port_num                             0x2000006c   Data           4  gpio.o(.bss.IRQ_port_num)
    IRQ_status                               0x20000070   Data           4  gpio.o(.bss.IRQ_status)
    b                                        0x20000078   Data           4  main.o(.bss.b)
    count                                    0x2000007c   Data           4  main.o(.bss.count)
    priority                                 0x20000080   Data           4  gpio.o(.bss.priority)
    prioritygroup                            0x20000084   Data           4  gpio.o(.bss.prioritygroup)
    rx_queue                                 0x20000088   Data          16  main.o(.bss.rx_queue)



==============================================================================

Memory Map of the image

  Image Entry point : 0x08000249

  Load Region LR_1 (Base: 0x08000000, Size: 0x00001e88, Max: 0xffffffff, ABSOLUTE)

    Execution Region ER_RO (Exec base: 0x08000000, Load base: 0x08000000, Size: 0x00001e88, Max: 0xffffffff, ABSOLUTE)

    Exec Addr    Load Addr    Size         Type   Attr      Idx    E Section Name        Object

    0x08000000   0x08000000   0x00000194   Data   RO          640    RESET               startup_stm32f401xe.o
    0x08000194   0x08000194   0x00000008   Code   RO          764  * !!!main             c_w.l(__main.o)
    0x0800019c   0x0800019c   0x00000034   Code   RO         1025    !!!scatter          c_w.l(__scatter.o)
    0x080001d0   0x080001d0   0x0000001c   Code   RO         1027    !!handler_zi        c_w.l(__scatter_zi.o)
    0x080001ec   0x080001ec   0x00000000   Code   RO          753    .ARM.Collect$$_printf_percent$$00000000  c_w.l(_printf_percent.o)
    0x080001ec   0x080001ec   0x00000006   Code   RO          752    .ARM.Collect$$_printf_percent$$00000009  c_w.l(_printf_d.o)
    0x080001f2   0x080001f2   0x00000006   Code   RO          750    .ARM.Collect$$_printf_percent$$00000013  c_w.l(_printf_c.o)
    0x080001f8   0x080001f8   0x00000006   Code   RO          751    .ARM.Collect$$_printf_percent$$00000014  c_w.l(_printf_s.o)
    0x080001fe   0x080001fe   0x00000004   Code   RO          820    .ARM.Collect$$_printf_percent$$00000017  c_w.l(_printf_percent_end.o)
    0x08000202   0x08000202   0x00000002   Code   RO          952    .ARM.Collect$$libinit$$00000000  c_w.l(libinit.o)
    0x08000204   0x08000204   0x00000004   Code   RO          829    .ARM.Collect$$libinit$$00000001  c_w.l(libinit2.o)
    0x08000208   0x08000208   0x00000000   Code   RO          832    .ARM.Collect$$libinit$$00000004  c_w.l(libinit2.o)
    0x08000208   0x08000208   0x00000008   Code   RO          833    .ARM.Collect$$libinit$$00000005  c_w.l(libinit2.o)
    0x08000210   0x08000210   0x00000000   Code   RO          835    .ARM.Collect$$libinit$$0000000A  c_w.l(libinit2.o)
    0x08000210   0x08000210   0x00000000   Code   RO          837    .ARM.Collect$$libinit$$0000000C  c_w.l(libinit2.o)
    0x08000210   0x08000210   0x00000000   Code   RO          839    .ARM.Collect$$libinit$$0000000E  c_w.l(libinit2.o)
    0x08000210   0x08000210   0x00000006   Code   RO          840    .ARM.Collect$$libinit$$0000000F  c_w.l(libinit2.o)
    0x08000216   0x08000216   0x00000000   Code   RO          842    .ARM.Collect$$libinit$$00000011  c_w.l(libinit2.o)
    0x08000216   0x08000216   0x0000000c   Code   RO          843    .ARM.Collect$$libinit$$00000012  c_w.l(libinit2.o)
    0x08000222   0x08000222   0x00000000   Code   RO          844    .ARM.Collect$$libinit$$00000013  c_w.l(libinit2.o)
    0x08000222   0x08000222   0x00000000   Code   RO          846    .ARM.Collect$$libinit$$00000015  c_w.l(libinit2.o)
    0x08000222   0x08000222   0x00000000   Code   RO          848    .ARM.Collect$$libinit$$00000017  c_w.l(libinit2.o)
    0x08000222   0x08000222   0x00000000   Code   RO          850    .ARM.Collect$$libinit$$00000019  c_w.l(libinit2.o)
    0x08000222   0x08000222   0x00000000   Code   RO          852    .ARM.Collect$$libinit$$0000001B  c_w.l(libinit2.o)
    0x08000222   0x08000222   0x00000000   Code   RO          854    .ARM.Collect$$libinit$$0000001D  c_w.l(libinit2.o)
    0x08000222   0x08000222   0x00000000   Code   RO          856    .ARM.Collect$$libinit$$0000001F  c_w.l(libinit2.o)
    0x08000222   0x08000222   0x00000000   Code   RO          858    .ARM.Collect$$libinit$$00000021  c_w.l(libinit2.o)
    0x08000222   0x08000222   0x00000000   Code   RO          860    .ARM.Collect$$libinit$$00000023  c_w.l(libinit2.o)
    0x08000222   0x08000222   0x00000000   Code   RO          862    .ARM.Collect$$libinit$$00000025  c_w.l(libinit2.o)
    0x08000222   0x08000222   0x00000000   Code   RO          866    .ARM.Collect$$libinit$$0000002C  c_w.l(libinit2.o)
    0x08000222   0x08000222   0x00000000   Code   RO          868    .ARM.Collect$$libinit$$0000002E  c_w.l(libinit2.o)
    0x08000222   0x08000222   0x00000000   Code   RO          870    .ARM.Collect$$libinit$$00000030  c_w.l(libinit2.o)
    0x08000222   0x08000222   0x00000000   Code   RO          872    .ARM.Collect$$libinit$$00000032  c_w.l(libinit2.o)
    0x08000222   0x08000222   0x00000002   Code   RO          873    .ARM.Collect$$libinit$$00000033  c_w.l(libinit2.o)
    0x08000224   0x08000224   0x00000002   Code   RO         1022    .ARM.Collect$$libshutdown$$00000000  c_w.l(libshutdown.o)
    0x08000226   0x08000226   0x00000000   Code   RO          976    .ARM.Collect$$libshutdown$$00000002  c_w.l(libshutdown2.o)
    0x08000226   0x08000226   0x00000000   Code   RO          978    .ARM.Collect$$libshutdown$$00000004  c_w.l(libshutdown2.o)
    0x08000226   0x08000226   0x00000000   Code   RO          981    .ARM.Collect$$libshutdown$$00000007  c_w.l(libshutdown2.o)
    0x08000226   0x08000226   0x00000000   Code   RO          984    .ARM.Collect$$libshutdown$$0000000A  c_w.l(libshutdown2.o)
    0x08000226   0x08000226   0x00000000   Code   RO          986    .ARM.Collect$$libshutdown$$0000000C  c_w.l(libshutdown2.o)
    0x08000226   0x08000226   0x00000000   Code   RO          989    .ARM.Collect$$libshutdown$$0000000F  c_w.l(libshutdown2.o)
    0x08000226   0x08000226   0x00000002   Code   RO          990    .ARM.Collect$$libshutdown$$00000010  c_w.l(libshutdown2.o)
    0x08000228   0x08000228   0x00000000   Code   RO          782    .ARM.Collect$$rtentry$$00000000  c_w.l(__rtentry.o)
    0x08000228   0x08000228   0x00000000   Code   RO          887    .ARM.Collect$$rtentry$$00000002  c_w.l(__rtentry2.o)
    0x08000228   0x08000228   0x00000006   Code   RO          899    .ARM.Collect$$rtentry$$00000004  c_w.l(__rtentry4.o)
    0x0800022e   0x0800022e   0x00000000   Code   RO          889    .ARM.Collect$$rtentry$$00000009  c_w.l(__rtentry2.o)
    0x0800022e   0x0800022e   0x00000004   Code   RO          890    .ARM.Collect$$rtentry$$0000000A  c_w.l(__rtentry2.o)
    0x08000232   0x08000232   0x00000000   Code   RO          892    .ARM.Collect$$rtentry$$0000000C  c_w.l(__rtentry2.o)
    0x08000232   0x08000232   0x00000008   Code   RO          893    .ARM.Collect$$rtentry$$0000000D  c_w.l(__rtentry2.o)
    0x0800023a   0x0800023a   0x00000002   Code   RO          957    .ARM.Collect$$rtexit$$00000000  c_w.l(rtexit.o)
    0x0800023c   0x0800023c   0x00000000   Code   RO          996    .ARM.Collect$$rtexit$$00000002  c_w.l(rtexit2.o)
    0x0800023c   0x0800023c   0x00000004   Code   RO          997    .ARM.Collect$$rtexit$$00000003  c_w.l(rtexit2.o)
    0x08000240   0x08000240   0x00000006   Code   RO          998    .ARM.Collect$$rtexit$$00000004  c_w.l(rtexit2.o)
    0x08000246   0x08000246   0x00000002   PAD
    0x08000248   0x08000248   0x00000040   Code   RO          641  * .text               startup_stm32f401xe.o
    0x08000288   0x08000288   0x0000005e   Code   RO          666    .text               c_w.l(h1_alloc.o)
    0x080002e6   0x080002e6   0x00000002   PAD
    0x080002e8   0x080002e8   0x0000002c   Code   RO          720    .text               c_w.l(__2sprintf.o)
    0x08000314   0x08000314   0x00000068   Code   RO          724    .text               c_w.l(__printf.o)
    0x0800037c   0x0800037c   0x00000052   Code   RO          726    .text               c_w.l(_printf_str.o)
    0x080003ce   0x080003ce   0x00000002   PAD
    0x080003d0   0x080003d0   0x00000078   Code   RO          728    .text               c_w.l(_printf_dec.o)
    0x08000448   0x08000448   0x0000003c   Code   RO          754    .text               c_w.l(__0sscanf.o)
    0x08000484   0x08000484   0x000000e0   Code   RO          756    .text               c_w.l(_scanf_str.o)
    0x08000564   0x08000564   0x0000003e   Code   RO          758    .text               c_w.l(strlen.o)
    0x080005a2   0x080005a2   0x00000006   PAD
    0x080005a8   0x080005a8   0x0000007c   Code   RO          760    .text               c_w.l(strcmpv7em.o)
    0x08000624   0x08000624   0x00000006   Code   RO          762    .text               c_w.l(heapauxi.o)
    0x0800062a   0x0800062a   0x00000002   PAD
    0x0800062c   0x0800062c   0x00000008   Code   RO          786    .text               c_w.l(rt_heap_descriptor_intlibspace.o)
    0x08000634   0x08000634   0x00000004   Code   RO          788    .text               c_w.l(hguard.o)
    0x08000638   0x08000638   0x0000008a   Code   RO          790    .text               c_w.l(init_alloc.o)
    0x080006c2   0x080006c2   0x0000000e   Code   RO          796    .text               c_w.l(h1_init.o)
    0x080006d0   0x080006d0   0x0000004e   Code   RO          798    .text               c_w.l(h1_free.o)
    0x0800071e   0x0800071e   0x000000b2   Code   RO          812    .text               c_w.l(_printf_intcommon.o)
    0x080007d0   0x080007d0   0x00000030   Code   RO          814    .text               c_w.l(_printf_char_common.o)
    0x08000800   0x08000800   0x0000000a   Code   RO          816    .text               c_w.l(_sputc.o)
    0x0800080a   0x0800080a   0x0000002c   Code   RO          818    .text               c_w.l(_printf_char.o)
    0x08000836   0x08000836   0x00000002   PAD
    0x08000838   0x08000838   0x0000002c   Code   RO          821    .text               c_w.l(scanf_char.o)
    0x08000864   0x08000864   0x00000040   Code   RO          823    .text               c_w.l(_sgetc.o)
    0x080008a4   0x080008a4   0x00000008   Code   RO          883    .text               c_w.l(libspace.o)
    0x080008ac   0x080008ac   0x00000000   Code   RO          903    .text               c_w.l(maybetermalloc1.o)
    0x080008ac   0x080008ac   0x00000034   Code   RO          905    .text               c_w.l(h1_extend.o)
    0x080008e0   0x080008e0   0x00000012   Code   RO          909    .text               c_w.l(isspace.o)
    0x080008f2   0x080008f2   0x00000002   PAD
    0x080008f4   0x080008f4   0x00000374   Code   RO          913    .text               c_w.l(_scanf.o)
    0x08000c68   0x08000c68   0x0000000e   Code   RO          915    .text               c_w.l(defsig_rtmem_outer.o)
    0x08000c76   0x08000c76   0x00000002   Code   RO          926    .text               c_w.l(use_no_semi.o)
    0x08000c78   0x08000c78   0x00000000   Code   RO          928    .text               c_w.l(indicate_semi.o)
    0x08000c78   0x08000c78   0x0000004a   Code   RO          929    .text               c_w.l(sys_stackheap_outer.o)
    0x08000cc2   0x08000cc2   0x00000002   PAD
    0x08000cc4   0x08000cc4   0x00000010   Code   RO          931    .text               c_w.l(rt_ctype_table.o)
    0x08000cd4   0x08000cd4   0x00000012   Code   RO          937    .text               c_w.l(exit.o)
    0x08000ce6   0x08000ce6   0x0000000a   Code   RO          939    .text               c_w.l(defsig_exit.o)
    0x08000cf0   0x08000cf0   0x00000050   Code   RO          941    .text               c_w.l(defsig_rtmem_inner.o)
    0x08000d40   0x08000d40   0x0000000c   Code   RO          953    .text               c_w.l(sys_exit.o)
    0x08000d4c   0x08000d4c   0x00000008   Code   RO          962    .text               c_w.l(rt_locale_intlibspace.o)
    0x08000d54   0x08000d54   0x00000032   Code   RO          973    .text               c_w.l(defsig_general.o)
    0x08000d86   0x08000d86   0x0000000e   Code   RO          991    .text               c_w.l(sys_wrch.o)
    0x08000d94   0x08000d94   0x00000068   Code   RO          136    .text.EXTI0_IRQHandler  gpio.o
    0x08000dfc   0x08000dfc   0x00000068   Code   RO          150    .text.EXTI15_10_IRQHandler  gpio.o
    0x08000e64   0x08000e64   0x00000068   Code   RO          140    .text.EXTI1_IRQHandler  gpio.o
    0x08000ecc   0x08000ecc   0x00000068   Code   RO          142    .text.EXTI2_IRQHandler  gpio.o
    0x08000f34   0x08000f34   0x00000068   Code   RO          144    .text.EXTI3_IRQHandler  gpio.o
    0x08000f9c   0x08000f9c   0x00000068   Code   RO          146    .text.EXTI4_IRQHandler  gpio.o
    0x08001004   0x08001004   0x00000068   Code   RO          148    .text.EXTI9_5_IRQHandler  gpio.o
    0x0800106c   0x0800106c   0x00000086   Code   RO          279    .text.GPIO_Init     stm32f4xx_gpio.o
    0x080010f2   0x080010f2   0x00000002   PAD
    0x080010f4   0x080010f4   0x00000028   Code   RO          303    .text.GPIO_PinAFConfig  stm32f4xx_gpio.o
    0x0800111c   0x0800111c   0x00000032   Code   RO          130    .text.NVIC_EncodePriority  gpio.o
    0x0800114e   0x0800114e   0x00000002   PAD
    0x08001150   0x08001150   0x00000018   Code   RO          437    .text.RCC_AHB1PeriphClockCmd  stm32f4xx_rcc.o
    0x08001168   0x08001168   0x00000018   Code   RO          443    .text.RCC_APB1PeriphClockCmd  stm32f4xx_rcc.o
    0x08001180   0x08001180   0x00000096   Code   RO          427    .text.RCC_GetClocksFreq  stm32f4xx_rcc.o
    0x08001216   0x08001216   0x00000002   PAD
    0x08001218   0x08001218   0x00000010   Code   RO          566    .text.SysTick_Handler  timer.o
    0x08001228   0x08001228   0x00000012   Code   RO          648    .text.SystemInit    system_stm32f4xx.o
    0x0800123a   0x0800123a   0x00000002   PAD
    0x0800123c   0x0800123c   0x00000028   Code   RO          596    .text.USART2_IRQHandler  uart.o
    0x08001264   0x08001264   0x00000016   Code   RO          494    .text.USART_Cmd     stm32f4xx_usart.o
    0x0800127a   0x0800127a   0x00000002   PAD
    0x0800127c   0x0800127c   0x0000000a   Code   RO          534    .text.USART_GetFlagStatus  stm32f4xx_usart.o
    0x08001286   0x08001286   0x00000002   PAD
    0x08001288   0x08001288   0x000000c6   Code   RO          486    .text.USART_Init    stm32f4xx_usart.o
    0x0800134e   0x0800134e   0x00000002   PAD
    0x08001350   0x08001350   0x00000008   Code   RO          504    .text.USART_ReceiveData  stm32f4xx_usart.o
    0x08001358   0x08001358   0x00000008   Code   RO          502    .text.USART_SendData  stm32f4xx_usart.o
    0x08001360   0x08001360   0x00000020   Code   RO          138    .text.__NVIC_ClearPendingIRQ  gpio.o
    0x08001380   0x08001380   0x0000000e   Code   RO          590    .text.__NVIC_ClearPendingIRQ  uart.o
    0x0800138e   0x0800138e   0x00000002   PAD
    0x08001390   0x08001390   0x00000020   Code   RO          134    .text.__NVIC_EnableIRQ  gpio.o
    0x080013b0   0x080013b0   0x0000000e   Code   RO          592    .text.__NVIC_EnableIRQ  uart.o
    0x080013be   0x080013be   0x00000002   PAD
    0x080013c0   0x080013c0   0x00000010   Code   RO          128    .text.__NVIC_GetPriorityGrouping  gpio.o
    0x080013d0   0x080013d0   0x00000010   Code   RO          132    .text.__NVIC_SetPriority  gpio.o
    0x080013e0   0x080013e0   0x0000000e   Code   RO          588    .text.__NVIC_SetPriority  uart.o
    0x080013ee   0x080013ee   0x00000002   PAD
    0x080013f0   0x080013f0   0x00000060   Code   RO           22    .text.button_press_isr  main.o
    0x08001450   0x08001450   0x00000028   Code   RO          114    .text.gpio_set      gpio.o
    0x08001478   0x08001478   0x0000020e   Code   RO          126    .text.gpio_set_callback  gpio.o
    0x08001686   0x08001686   0x00000002   PAD
    0x08001688   0x08001688   0x000000b4   Code   RO          122    .text.gpio_set_mode  gpio.o
    0x0800173c   0x0800173c   0x0000006a   Code   RO          124    .text.gpio_set_trigger  gpio.o
    0x080017a6   0x080017a6   0x00000002   PAD
    0x080017a8   0x080017a8   0x00000026   Code   RO          181    .text.leds_init     leds.o
    0x080017ce   0x080017ce   0x00000002   PAD
    0x080017d0   0x080017d0   0x00000034   Code   RO          183    .text.leds_set      leds.o
    0x08001804   0x08001804   0x00000244   Code   RO           24    .text.main          main.o
    0x08001a48   0x08001a48   0x00000030   Code   RO            8    .text.queue_dequeue  queue.o
    0x08001a78   0x08001a78   0x0000002e   Code   RO            4    .text.queue_enqueue  queue.o
    0x08001aa6   0x08001aa6   0x00000002   PAD
    0x08001aa8   0x08001aa8   0x0000001e   Code   RO            2    .text.queue_init    queue.o
    0x08001ac6   0x08001ac6   0x00000002   PAD
    0x08001ac8   0x08001ac8   0x0000000e   Code   RO           10    .text.queue_is_empty  queue.o
    0x08001ad6   0x08001ad6   0x00000002   PAD
    0x08001ad8   0x08001ad8   0x0000001a   Code   RO            6    .text.queue_is_full  queue.o
    0x08001af2   0x08001af2   0x00000002   PAD
    0x08001af4   0x08001af4   0x00000012   Code   RO          580    .text.uart_enable   uart.o
    0x08001b06   0x08001b06   0x00000002   PAD
    0x08001b08   0x08001b08   0x00000060   Code   RO          578    .text.uart_init     uart.o
    0x08001b68   0x08001b68   0x0000001c   Code   RO          582    .text.uart_print    uart.o
    0x08001b84   0x08001b84   0x00000022   Code   RO          594    .text.uart_rx       uart.o
    0x08001ba6   0x08001ba6   0x00000002   PAD
    0x08001ba8   0x08001ba8   0x00000028   Code   RO           20    .text.uart_rx_isr   main.o
    0x08001bd0   0x08001bd0   0x0000002c   Code   RO          586    .text.uart_set_rx_callback  uart.o
    0x08001bfc   0x08001bfc   0x00000022   Code   RO          584    .text.uart_tx       uart.o
    0x08001c1e   0x08001c1e   0x00000002   PAD
    0x08001c20   0x08001c20   0x0000002c   Code   RO          969    locale$$code        c_w.l(lc_ctype_c.o)
    0x08001c4c   0x08001c4c   0x0000001a   Code   RO          924    x$fpl$fpinit        fz_wm.l(fpinit.o)
    0x08001c66   0x08001c66   0x00000010   Data   RO          475    .rodata.APBAHBPrescTable  stm32f4xx_rcc.o
    0x08001c76   0x08001c76   0x000000f2   Data   RO           29    .rodata.str1.1      main.o
    0x08001d68   0x08001d68   0x00000010   Data   RO         1024    Region$$Table       anon$$obj.o
    0x08001d78   0x08001d78   0x00000110   Data   RO          968    locale$$data        c_w.l(lc_ctype_c.o)


    Execution Region ER_RW (Exec base: 0x20000000, Load base: 0x08001e88, Size: 0x00000000, Max: 0xffffffff, ABSOLUTE)

    **** No section assigned to this execution region ****


    Execution Region ER_ZI (Exec base: 0x20000000, Load base: 0x08001e88, Size: 0x000006a0, Max: 0xffffffff, ABSOLUTE)

    Exec Addr    Load Addr    Size         Type   Attr      Idx    E Section Name        Object

    0x20000000        -       0x00000060   Zero   RW          884    .bss                c_w.l(libspace.o)
    0x20000060        -       0x00000004   Zero   RW          155    .bss.EXTI_port_set  gpio.o
    0x20000064        -       0x00000004   Zero   RW          156    .bss.GPIO_callback  gpio.o
    0x20000068        -       0x00000004   Zero   RW          154    .bss.IRQ_pin_index  gpio.o
    0x2000006c        -       0x00000004   Zero   RW          153    .bss.IRQ_port_num   gpio.o
    0x20000070        -       0x00000004   Zero   RW          152    .bss.IRQ_status     gpio.o
    0x20000074        -       0x00000004   Zero   RW          598    .bss.UART_callback  uart.o
    0x20000078        -       0x00000004   Zero   RW           28    .bss.b              main.o
    0x2000007c        -       0x00000004   Zero   RW           27    .bss.count          main.o
    0x20000080        -       0x00000004   Zero   RW          158    .bss.priority       gpio.o
    0x20000084        -       0x00000004   Zero   RW          157    .bss.prioritygroup  gpio.o
    0x20000088        -       0x00000010   Zero   RW           26    .bss.rx_queue       main.o
    0x20000098        -       0x00000004   Zero   RW          568    .bss.timer_callback  timer.o
    0x2000009c   0x08001e88   0x00000004   PAD
    0x200000a0        -       0x00000200   Zero   RW          639    HEAP                startup_stm32f401xe.o
    0x200002a0        -       0x00000400   Zero   RW          638    STACK               startup_stm32f401xe.o


==============================================================================

Image component sizes


      Code (inc. data)   RO Data    RW Data    ZI Data      Debug   Object Name

      1726         22          0          0         28      10848   gpio.o
        90          0          0          0          0       1521   leds.o
       716        144        242          0         24       2743   main.o
       164          0          0          0          0       1567   queue.o
        64         26        404          0       1536        868   startup_stm32f401xe.o
       174          0          0          0          0       4615   stm32f4xx_gpio.o
       198          0         16          0          0      11352   stm32f4xx_rcc.o
       246          0          0          0          0       7723   stm32f4xx_usart.o
        18          0          0          0          0       2805   system_stm32f4xx.o
        16          0          0          0          4       4877   timer.o
       336          0          0          0          4       6126   uart.o

    ----------------------------------------------------------------------
      3788        192        678          0       1600      55045   Object Totals
         0          0         16          0          0          0   (incl. Generated)
        40          0          0          0          4          0   (incl. Padding)

    ----------------------------------------------------------------------

      Code (inc. data)   RO Data    RW Data    ZI Data      Debug   Library Member Name

        60          8          0          0          0         84   __0sscanf.o
        44          6          0          0          0         84   __2sprintf.o
         8          0          0          0          0         68   __main.o
       104          0          0          0          0         84   __printf.o
         0          0          0          0          0          0   __rtentry.o
        12          0          0          0          0          0   __rtentry2.o
         6          0          0          0          0          0   __rtentry4.o
        52          8          0          0          0          0   __scatter.o
        28          0          0          0          0          0   __scatter_zi.o
         6          0          0          0          0          0   _printf_c.o
        44          0          0          0          0        108   _printf_char.o
        48          6          0          0          0         96   _printf_char_common.o
         6          0          0          0          0          0   _printf_d.o
       120         16          0          0          0         92   _printf_dec.o
       178          0          0          0          0         88   _printf_intcommon.o
         0          0          0          0          0          0   _printf_percent.o
         4          0          0          0          0          0   _printf_percent_end.o
         6          0          0          0          0          0   _printf_s.o
        82          0          0          0          0         80   _printf_str.o
       884          6          0          0          0        100   _scanf.o
       224          0          0          0          0         96   _scanf_str.o
        64          0          0          0          0         84   _sgetc.o
        10          0          0          0          0         68   _sputc.o
        10          0          0          0          0         68   defsig_exit.o
        50          0          0          0          0         88   defsig_general.o
        80         58          0          0          0         76   defsig_rtmem_inner.o
        14          0          0          0          0         80   defsig_rtmem_outer.o
        18          0          0          0          0         80   exit.o
        94          0          0          0          0         80   h1_alloc.o
        52          0          0          0          0         68   h1_extend.o
        78          0          0          0          0         80   h1_free.o
        14          0          0          0          0         84   h1_init.o
         6          0          0          0          0        152   heapauxi.o
         4          0          0          0          0        136   hguard.o
         0          0          0          0          0          0   indicate_semi.o
       138          0          0          0          0        168   init_alloc.o
        18          0          0          0          0         76   isspace.o
        44         10        272          0          0         76   lc_ctype_c.o
         2          0          0          0          0          0   libinit.o
        32          0          0          0          0          0   libinit2.o
         2          0          0          0          0          0   libshutdown.o
         2          0          0          0          0          0   libshutdown2.o
         8          4          0          0         96         68   libspace.o
         0          0          0          0          0          0   maybetermalloc1.o
        16          4          0          0          0         76   rt_ctype_table.o
         8          4          0          0          0         68   rt_heap_descriptor_intlibspace.o
         8          4          0          0          0         68   rt_locale_intlibspace.o
         2          0          0          0          0          0   rtexit.o
        10          0          0          0          0          0   rtexit2.o
        44          8          0          0          0         84   scanf_char.o
       124          0          0          0          0         88   strcmpv7em.o
        62          0          0          0          0         76   strlen.o
        12          4          0          0          0         68   sys_exit.o
        74          0          0          0          0         80   sys_stackheap_outer.o
        14          0          0          0          0         76   sys_wrch.o
         2          0          0          0          0         68   use_no_semi.o
        26          0          0          0          0        116   fpinit.o

    ----------------------------------------------------------------------
      3078        146        272          0         96       3380   Library Totals
        20          0          0          0          0          0   (incl. Padding)

    ----------------------------------------------------------------------

      Code (inc. data)   RO Data    RW Data    ZI Data      Debug   Library Name

      3032        146        272          0         96       3264   c_w.l
        26          0          0          0          0        116   fz_wm.l

    ----------------------------------------------------------------------
      3078        146        272          0         96       3380   Library Totals

    ----------------------------------------------------------------------

==============================================================================


      Code (inc. data)   RO Data    RW Data    ZI Data      Debug   

      6866        338        950          0       1696      56357   Grand Totals
      6866        338        950          0       1696      56357   ELF Image Totals
      6866        338        950          0          0          0   ROM Totals

==============================================================================

    Total RO  Size (Code + RO Data)                 7816 (   7.63kB)
    Total RW  Size (RW Data + ZI Data)              1696 (   1.66kB)
    Total ROM Size (Code + RO Data + RW Data)       7816 (   7.63kB)

==============================================================================

